Archive member included to satisfy reference by file (symbol)

/opt/Atollic_TrueSTUDIO_for_STM32_x86_64_9.3.0/ARMTools/bin/../lib/gcc/arm-atollic-eabi/6.3.1/../../../../arm-atollic-eabi/lib/armv7-m/libc.a(lib_a-init.o)
                              src/startup_stm32f10x_md.o (__libc_init_array)
/opt/Atollic_TrueSTUDIO_for_STM32_x86_64_9.3.0/ARMTools/bin/../lib/gcc/arm-atollic-eabi/6.3.1/../../../../arm-atollic-eabi/lib/armv7-m/libc.a(lib_a-memcmp.o)
                              src/gcode.o (memcmp)
/opt/Atollic_TrueSTUDIO_for_STM32_x86_64_9.3.0/ARMTools/bin/../lib/gcc/arm-atollic-eabi/6.3.1/../../../../arm-atollic-eabi/lib/armv7-m/libc.a(lib_a-memset.o)
                              src/eeprom.o (memset)
/opt/Atollic_TrueSTUDIO_for_STM32_x86_64_9.3.0/ARMTools/bin/../lib/gcc/arm-atollic-eabi/6.3.1/../../../../arm-atollic-eabi/lib/armv7-m/libm.a(lib_a-sf_ceil.o)
                              src/nuts_bolts.o (ceilf)
/opt/Atollic_TrueSTUDIO_for_STM32_x86_64_9.3.0/ARMTools/bin/../lib/gcc/arm-atollic-eabi/6.3.1/../../../../arm-atollic-eabi/lib/armv7-m/libm.a(lib_a-sf_cos.o)
                              src/motion_control.o (cosf)
/opt/Atollic_TrueSTUDIO_for_STM32_x86_64_9.3.0/ARMTools/bin/../lib/gcc/arm-atollic-eabi/6.3.1/../../../../arm-atollic-eabi/lib/armv7-m/libm.a(lib_a-sf_floor.o)
                              src/motion_control.o (floorf)
/opt/Atollic_TrueSTUDIO_for_STM32_x86_64_9.3.0/ARMTools/bin/../lib/gcc/arm-atollic-eabi/6.3.1/../../../../arm-atollic-eabi/lib/armv7-m/libm.a(lib_a-sf_lround.o)
                              src/gcode.o (lroundf)
/opt/Atollic_TrueSTUDIO_for_STM32_x86_64_9.3.0/ARMTools/bin/../lib/gcc/arm-atollic-eabi/6.3.1/../../../../arm-atollic-eabi/lib/armv7-m/libm.a(lib_a-sf_sin.o)
                              src/motion_control.o (sinf)
/opt/Atollic_TrueSTUDIO_for_STM32_x86_64_9.3.0/ARMTools/bin/../lib/gcc/arm-atollic-eabi/6.3.1/../../../../arm-atollic-eabi/lib/armv7-m/libm.a(lib_a-wf_atan2.o)
                              src/motion_control.o (atan2f)
/opt/Atollic_TrueSTUDIO_for_STM32_x86_64_9.3.0/ARMTools/bin/../lib/gcc/arm-atollic-eabi/6.3.1/../../../../arm-atollic-eabi/lib/armv7-m/libm.a(lib_a-wf_sqrt.o)
                              src/gcode.o (sqrtf)
/opt/Atollic_TrueSTUDIO_for_STM32_x86_64_9.3.0/ARMTools/bin/../lib/gcc/arm-atollic-eabi/6.3.1/../../../../arm-atollic-eabi/lib/armv7-m/libm.a(lib_a-ef_atan2.o)
                              /opt/Atollic_TrueSTUDIO_for_STM32_x86_64_9.3.0/ARMTools/bin/../lib/gcc/arm-atollic-eabi/6.3.1/../../../../arm-atollic-eabi/lib/armv7-m/libm.a(lib_a-wf_atan2.o) (__ieee754_atan2f)
/opt/Atollic_TrueSTUDIO_for_STM32_x86_64_9.3.0/ARMTools/bin/../lib/gcc/arm-atollic-eabi/6.3.1/../../../../arm-atollic-eabi/lib/armv7-m/libm.a(lib_a-ef_rem_pio2.o)
                              /opt/Atollic_TrueSTUDIO_for_STM32_x86_64_9.3.0/ARMTools/bin/../lib/gcc/arm-atollic-eabi/6.3.1/../../../../arm-atollic-eabi/lib/armv7-m/libm.a(lib_a-sf_cos.o) (__ieee754_rem_pio2f)
/opt/Atollic_TrueSTUDIO_for_STM32_x86_64_9.3.0/ARMTools/bin/../lib/gcc/arm-atollic-eabi/6.3.1/../../../../arm-atollic-eabi/lib/armv7-m/libm.a(lib_a-ef_sqrt.o)
                              /opt/Atollic_TrueSTUDIO_for_STM32_x86_64_9.3.0/ARMTools/bin/../lib/gcc/arm-atollic-eabi/6.3.1/../../../../arm-atollic-eabi/lib/armv7-m/libm.a(lib_a-wf_sqrt.o) (__ieee754_sqrtf)
/opt/Atollic_TrueSTUDIO_for_STM32_x86_64_9.3.0/ARMTools/bin/../lib/gcc/arm-atollic-eabi/6.3.1/../../../../arm-atollic-eabi/lib/armv7-m/libm.a(lib_a-kf_cos.o)
                              /opt/Atollic_TrueSTUDIO_for_STM32_x86_64_9.3.0/ARMTools/bin/../lib/gcc/arm-atollic-eabi/6.3.1/../../../../arm-atollic-eabi/lib/armv7-m/libm.a(lib_a-sf_cos.o) (__kernel_cosf)
/opt/Atollic_TrueSTUDIO_for_STM32_x86_64_9.3.0/ARMTools/bin/../lib/gcc/arm-atollic-eabi/6.3.1/../../../../arm-atollic-eabi/lib/armv7-m/libm.a(lib_a-kf_rem_pio2.o)
                              /opt/Atollic_TrueSTUDIO_for_STM32_x86_64_9.3.0/ARMTools/bin/../lib/gcc/arm-atollic-eabi/6.3.1/../../../../arm-atollic-eabi/lib/armv7-m/libm.a(lib_a-ef_rem_pio2.o) (__kernel_rem_pio2f)
/opt/Atollic_TrueSTUDIO_for_STM32_x86_64_9.3.0/ARMTools/bin/../lib/gcc/arm-atollic-eabi/6.3.1/../../../../arm-atollic-eabi/lib/armv7-m/libm.a(lib_a-kf_sin.o)
                              /opt/Atollic_TrueSTUDIO_for_STM32_x86_64_9.3.0/ARMTools/bin/../lib/gcc/arm-atollic-eabi/6.3.1/../../../../arm-atollic-eabi/lib/armv7-m/libm.a(lib_a-sf_cos.o) (__kernel_sinf)
/opt/Atollic_TrueSTUDIO_for_STM32_x86_64_9.3.0/ARMTools/bin/../lib/gcc/arm-atollic-eabi/6.3.1/../../../../arm-atollic-eabi/lib/armv7-m/libm.a(lib_a-s_lib_ver.o)
                              /opt/Atollic_TrueSTUDIO_for_STM32_x86_64_9.3.0/ARMTools/bin/../lib/gcc/arm-atollic-eabi/6.3.1/../../../../arm-atollic-eabi/lib/armv7-m/libm.a(lib_a-wf_sqrt.o) (__fdlib_version)
/opt/Atollic_TrueSTUDIO_for_STM32_x86_64_9.3.0/ARMTools/bin/../lib/gcc/arm-atollic-eabi/6.3.1/../../../../arm-atollic-eabi/lib/armv7-m/libm.a(lib_a-s_matherr.o)
[...]
Memory Configuration

Name             Origin             Length             Attributes
FLASH            0x0000000008000000 0x0000000000010000 xr
RAM              0x0000000020000000 0x0000000000005000 xrw
MEMORY_B1        0x0000000060000000 0x0000000000000000 xr
*default*        0x0000000000000000 0xffffffffffffffff

Linker script and memory map

LOAD /opt/Atollic_TrueSTUDIO_for_STM32_x86_64_9.3.0/ARMTools/bin/../lib/gcc/arm-atollic-eabi/6.3.1/armv7-m/crti.o
LOAD /opt/Atollic_TrueSTUDIO_for_STM32_x86_64_9.3.0/ARMTools/bin/../lib/gcc/arm-atollic-eabi/6.3.1/armv7-m/crtbegin.o
LOAD Libraries/STM32F10x_StdPeriph_Driver/src/misc.o
LOAD Libraries/STM32F10x_StdPeriph_Driver/src/stm32f10x_adc.o
LOAD Libraries/STM32F10x_StdPeriph_Driver/src/stm32f10x_bkp.o
LOAD Libraries/STM32F10x_StdPeriph_Driver/src/stm32f10x_can.o
LOAD Libraries/STM32F10x_StdPeriph_Driver/src/stm32f10x_cec.o
LOAD Libraries/STM32F10x_StdPeriph_Driver/src/stm32f10x_crc.o
LOAD Libraries/STM32F10x_StdPeriph_Driver/src/stm32f10x_dac.o
LOAD Libraries/STM32F10x_StdPeriph_Driver/src/stm32f10x_dbgmcu.o
LOAD Libraries/STM32F10x_StdPeriph_Driver/src/stm32f10x_dma.o
LOAD Libraries/STM32F10x_StdPeriph_Driver/src/stm32f10x_exti.o
LOAD Libraries/STM32F10x_StdPeriph_Driver/src/stm32f10x_flash.o
LOAD Libraries/STM32F10x_StdPeriph_Driver/src/stm32f10x_fsmc.o
LOAD Libraries/STM32F10x_StdPeriph_Driver/src/stm32f10x_gpio.o
LOAD Libraries/STM32F10x_StdPeriph_Driver/src/stm32f10x_i2c.o
LOAD Libraries/STM32F10x_StdPeriph_Driver/src/stm32f10x_iwdg.o
LOAD Libraries/STM32F10x_StdPeriph_Driver/src/stm32f10x_pwr.o
LOAD Libraries/STM32F10x_StdPeriph_Driver/src/stm32f10x_rcc.o
LOAD Libraries/STM32F10x_StdPeriph_Driver/src/stm32f10x_rtc.o
LOAD Libraries/STM32F10x_StdPeriph_Driver/src/stm32f10x_sdio.o
LOAD Libraries/STM32F10x_StdPeriph_Driver/src/stm32f10x_spi.o
LOAD Libraries/STM32F10x_StdPeriph_Driver/src/stm32f10x_tim.o
LOAD Libraries/STM32F10x_StdPeriph_Driver/src/stm32f10x_usart.o
LOAD Libraries/STM32F10x_StdPeriph_Driver/src/stm32f10x_wwdg.o
LOAD src/coolant_control.o
LOAD src/eeprom.o
LOAD src/gcode.o
LOAD src/jog.o
LOAD src/limits.o
LOAD src/main.o
LOAD src/motion_control.o
LOAD src/nuts_bolts.o
LOAD src/planner.o
LOAD src/print.o
LOAD src/probe.o
LOAD src/protocol.o
LOAD src/report.o
LOAD src/serial.o
LOAD src/settings.o
LOAD src/spindle_control.o
LOAD src/startup_stm32f10x_md.o
LOAD src/stepper.o
LOAD src/system.o
LOAD src/system_stm32f10x.o
LOAD stm_usb_fs_lib/src/usb_core.o
LOAD stm_usb_fs_lib/src/usb_init.o
LOAD stm_usb_fs_lib/src/usb_int.o
LOAD stm_usb_fs_lib/src/usb_mem.o
LOAD stm_usb_fs_lib/src/usb_regs.o
LOAD stm_usb_fs_lib/src/usb_sil.o
LOAD usb/hw_config.o
LOAD usb/usb_desc.o
LOAD usb/usb_endp.o
LOAD usb/usb_istr.o
LOAD usb/usb_prop.o
LOAD usb/usb_pwr.o
LOAD util/stm32f10x_it.o
                0x0000000000000080                malloc_getpagesize_P = 0x80
START GROUP
LOAD /opt/Atollic_TrueSTUDIO_for_STM32_x86_64_9.3.0/ARMTools/bin/../lib/gcc/arm-atollic-eabi/6.3.1/../../../../arm-atollic-eabi/lib/armv7-m/libc.a
LOAD /opt/Atollic_TrueSTUDIO_for_STM32_x86_64_9.3.0/ARMTools/bin/../lib/gcc/arm-atollic-eabi/6.3.1/../../../../arm-atollic-eabi/lib/armv7-m/libm.a
END GROUP
START GROUP
LOAD /opt/Atollic_TrueSTUDIO_for_STM32_x86_64_9.3.0/ARMTools/bin/../lib/gcc/arm-atollic-eabi/6.3.1/armv7-m/libgcc.a
LOAD /opt/Atollic_TrueSTUDIO_for_STM32_x86_64_9.3.0/ARMTools/bin/../lib/gcc/arm-atollic-eabi/6.3.1/../../../../arm-atollic-eabi/lib/armv7-m/libc.a
END GROUP
START GROUP
LOAD /opt/Atollic_TrueSTUDIO_for_STM32_x86_64_9.3.0/ARMTools/bin/../lib/gcc/arm-atollic-eabi/6.3.1/armv7-m/libgcc.a
LOAD /opt/Atollic_TrueSTUDIO_for_STM32_x86_64_9.3.0/ARMTools/bin/../lib/gcc/arm-atollic-eabi/6.3.1/../../../../arm-atollic-eabi/lib/armv7-m/libc.a
LOAD /opt/Atollic_TrueSTUDIO_for_STM32_x86_64_9.3.0/ARMTools/bin/../lib/gcc/arm-atollic-eabi/6.3.1/../../../../arm-atollic-eabi/lib/armv7-m/libnosys.a
END GROUP
LOAD /opt/Atollic_TrueSTUDIO_for_STM32_x86_64_9.3.0/ARMTools/bin/../lib/gcc/arm-atollic-eabi/6.3.1/armv7-m/crtend.o
LOAD /opt/Atollic_TrueSTUDIO_for_STM32_x86_64_9.3.0/ARMTools/bin/../lib/gcc/arm-atollic-eabi/6.3.1/armv7-m/crtn.o
                0x0000000020005000                _estack = 0x20005000
                0x0000000000000000                _Min_Heap_Size = 0x0
                0x0000000000000100                _Min_Stack_Size = 0x100

.isr_vector     0x0000000008000000      0x10c
                0x0000000008000000                . = ALIGN (0x4)
 *(.isr_vector)
 .isr_vector    0x0000000008000000      0x10c src/startup_stm32f10x_md.o
                0x0000000008000000                g_pfnVectors
                0x000000000800010c                . = ALIGN (0x4)

.text           0x0000000008000110     0xbfa4
                0x0000000008000110                . = ALIGN (0x4)
 *(.text)
 .text          0x0000000008000110       0x40 /opt/Atollic_TrueSTUDIO_for_STM32_x86_64_9.3.0/ARMTools/bin/../lib/gcc/arm-atollic-eabi/6.3.1/armv7-m/crtbegin.o
 .text          0x0000000008000150      0x370 /opt/Atollic_TrueSTUDIO_for_STM32_x86_64_9.3.0/ARMTools/bin/../lib/gcc/arm-atollic-eabi/6.3.1/armv7-m/libgcc.a(_arm_addsubdf3.o)
                0x0000000008000150                __aeabi_drsub
                0x0000000008000158                __aeabi_dsub
                0x0000000008000158                __subdf3
                0x000000000800015c                __adddf3
                0x000000000800015c                __aeabi_dadd
                0x00000000080003d4                __aeabi_ui2d
                0x00000000080003d4                __floatunsidf
                0x00000000080003f4                __floatsidf
                0x00000000080003f4                __aeabi_i2d
                0x0000000008000418                __extendsfdf2
                0x0000000008000418                __aeabi_f2d
                0x0000000008000454                __aeabi_ul2d
                0x0000000008000454                __floatundidf
                0x0000000008000464                __floatdidf
                0x0000000008000464                __aeabi_l2d
 .text          0x00000000080004c0      0x424 /opt/Atollic_TrueSTUDIO_for_STM32_x86_64_9.3.0/ARMTools/bin/../lib/gcc/arm-atollic-eabi/6.3.1/armv7-m/libgcc.a(_arm_muldivdf3.o)
                0x00000000080004c0                __aeabi_dmul
                0x00000000080004c0                __muldf3
                0x0000000008000714                __aeabi_ddiv
                0x0000000008000714                __divdf3
 .text          0x00000000080008e4      0x110 /opt/Atollic_TrueSTUDIO_for_STM32_x86_64_9.3.0/ARMTools/bin/../lib/gcc/arm-atollic-eabi/6.3.1/armv7-m/libgcc.a(_arm_cmpdf2.o)
                0x00000000080008e4                __gtdf2
                0x00000000080008e4                __gedf2
                0x00000000080008ec                __ltdf2
                0x00000000080008ec                __ledf2
                0x00000000080008f4                __cmpdf2
                0x00000000080008f4                __eqdf2
                0x00000000080008f4                __nedf2
                0x0000000008000970                __aeabi_cdrcmple
                0x0000000008000980                __aeabi_cdcmple
                0x0000000008000980                __aeabi_cdcmpeq
                0x0000000008000990                __aeabi_dcmpeq
                0x00000000080009a4                __aeabi_dcmplt
                0x00000000080009b8                __aeabi_dcmple
                0x00000000080009cc                __aeabi_dcmpge
                0x00000000080009e0                __aeabi_dcmpgt
 .text          0x00000000080009f4       0xa0 /opt/Atollic_TrueSTUDIO_for_STM32_x86_64_9.3.0/ARMTools/bin/../lib/gcc/arm-atollic-eabi/6.3.1/armv7-m/libgcc.a(_arm_truncdfsf2.o)
                0x00000000080009f4                __aeabi_d2f
                0x00000000080009f4                __truncdfsf2
 .text          0x0000000008000a94      0x21c /opt/Atollic_TrueSTUDIO_for_STM32_x86_64_9.3.0/ARMTools/bin/../lib/gcc/arm-atollic-eabi/6.3.1/armv7-m/libgcc.a(_arm_addsubsf3.o)
                0x0000000008000a94                __aeabi_frsub
                0x0000000008000a9c                __subsf3
                0x0000000008000a9c                __aeabi_fsub
                0x0000000008000aa0                __aeabi_fadd
                0x0000000008000aa0                __addsf3
                0x0000000008000c00                __aeabi_ui2f
                0x0000000008000c00                __floatunsisf
                0x0000000008000c08                __aeabi_i2f
                0x0000000008000c08                __floatsisf
                0x0000000008000c24                __floatundisf
                0x0000000008000c24                __aeabi_ul2f
                0x0000000008000c34                __floatdisf
                0x0000000008000c34                __aeabi_l2f
 .text          0x0000000008000cb0      0x2a0 /opt/Atollic_TrueSTUDIO_for_STM32_x86_64_9.3.0/ARMTools/bin/../lib/gcc/arm-atollic-eabi/6.3.1/armv7-m/libgcc.a(_arm_muldivsf3.o)
                0x0000000008000cb0                __mulsf3
                0x0000000008000cb0                __aeabi_fmul
                0x0000000008000e18                __divsf3
                0x0000000008000e18                __aeabi_fdiv
 .text          0x0000000008000f50       0xec /opt/Atollic_TrueSTUDIO_for_STM32_x86_64_9.3.0/ARMTools/bin/../lib/gcc/arm-atollic-eabi/6.3.1/armv7-m/libgcc.a(_arm_cmpsf2.o)
                0x0000000008000f50                __gtsf2
                0x0000000008000f50                __gesf2
                0x0000000008000f58                __lesf2
                0x0000000008000f58                __ltsf2
                0x0000000008000f60                __nesf2
                0x0000000008000f60                __eqsf2
                0x0000000008000f60                __cmpsf2
                0x0000000008000fc0                __aeabi_cfrcmple
                0x0000000008000fc8                __aeabi_cfcmple
                0x0000000008000fc8                __aeabi_cfcmpeq
                0x0000000008000fd8                __aeabi_fcmpeq
                0x0000000008000fec                __aeabi_fcmplt
                0x0000000008001000                __aeabi_fcmple
                0x0000000008001014                __aeabi_fcmpge
                0x0000000008001028                __aeabi_fcmpgt
 .text          0x000000000800103c       0x2c /opt/Atollic_TrueSTUDIO_for_STM32_x86_64_9.3.0/ARMTools/bin/../lib/gcc/arm-atollic-eabi/6.3.1/armv7-m/libgcc.a(_arm_unordsf2.o)
                0x000000000800103c                __aeabi_fcmpun
                0x000000000800103c                __unordsf2
 .text          0x0000000008001068       0x4c /opt/Atollic_TrueSTUDIO_for_STM32_x86_64_9.3.0/ARMTools/bin/../lib/gcc/arm-atollic-eabi/6.3.1/armv7-m/libgcc.a(_arm_fixsfsi.o)
                0x0000000008001068                __fixsfsi
                0x0000000008001068                __aeabi_f2iz
 .text          0x00000000080010b4       0x40 /opt/Atollic_TrueSTUDIO_for_STM32_x86_64_9.3.0/ARMTools/bin/../lib/gcc/arm-atollic-eabi/6.3.1/armv7-m/libgcc.a(_arm_fixunssfsi.o)
                0x00000000080010b4                __aeabi_f2uiz
                0x00000000080010b4                __fixunssfsi
 *(.text*)
 .text.NVIC_PriorityGroupConfig
                0x00000000080010f4       0x14 Libraries/STM32F10x_StdPeriph_Driver/src/misc.o
                0x00000000080010f4                NVIC_PriorityGroupConfig
 .text.NVIC_Init
                0x0000000008001108       0x64 Libraries/STM32F10x_StdPeriph_Driver/src/misc.o
                0x0000000008001108                NVIC_Init
 .text.EXTI_Init
                0x000000000800116c       0x7c Libraries/STM32F10x_StdPeriph_Driver/src/stm32f10x_exti.o
                0x000000000800116c                EXTI_Init
 .text.EXTI_GetITStatus
                0x00000000080011e8       0x1c Libraries/STM32F10x_StdPeriph_Driver/src/stm32f10x_exti.o
                0x00000000080011e8                EXTI_GetITStatus
 .text.EXTI_ClearITPendingBit
                0x0000000008001204        0xc Libraries/STM32F10x_StdPeriph_Driver/src/stm32f10x_exti.o
                0x0000000008001204                EXTI_ClearITPendingBit
 .text.FLASH_Unlock
                0x0000000008001210       0x18 Libraries/STM32F10x_StdPeriph_Driver/src/stm32f10x_flash.o
                0x0000000008001210                FLASH_Unlock
 .text.FLASH_ErasePage
                0x0000000008001228       0xec Libraries/STM32F10x_StdPeriph_Driver/src/stm32f10x_flash.o
                0x0000000008001228                FLASH_ErasePage
 .text.FLASH_ProgramHalfWord
                0x0000000008001314       0xec Libraries/STM32F10x_StdPeriph_Driver/src/stm32f10x_flash.o
                0x0000000008001314                FLASH_ProgramHalfWord
 .text.GPIO_Init
                0x0000000008001400      0x36c Libraries/STM32F10x_StdPeriph_Driver/src/stm32f10x_gpio.o
                0x0000000008001400                GPIO_Init
 .text.GPIO_ReadInputData
                0x000000000800176c        0x8 Libraries/STM32F10x_StdPeriph_Driver/src/stm32f10x_gpio.o
                0x000000000800176c                GPIO_ReadInputData
 .text.GPIO_ReadOutputData
                0x0000000008001774        0x8 Libraries/STM32F10x_StdPeriph_Driver/src/stm32f10x_gpio.o
                0x0000000008001774                GPIO_ReadOutputData
 .text.GPIO_SetBits
                0x000000000800177c        0x4 Libraries/STM32F10x_StdPeriph_Driver/src/stm32f10x_gpio.o
                0x000000000800177c                GPIO_SetBits
 .text.GPIO_ResetBits
                0x0000000008001780        0x4 Libraries/STM32F10x_StdPeriph_Driver/src/stm32f10x_gpio.o
                0x0000000008001780                GPIO_ResetBits
 .text.GPIO_WriteBit
                0x0000000008001784        0xc Libraries/STM32F10x_StdPeriph_Driver/src/stm32f10x_gpio.o
                0x0000000008001784                GPIO_WriteBit
 .text.GPIO_PinRemapConfig
                0x0000000008001790       0x6c Libraries/STM32F10x_StdPeriph_Driver/src/stm32f10x_gpio.o
                0x0000000008001790                GPIO_PinRemapConfig
 .text.GPIO_EXTILineConfig
                0x00000000080017fc       0x30 Libraries/STM32F10x_StdPeriph_Driver/src/stm32f10x_gpio.o
                0x00000000080017fc                GPIO_EXTILineConfig
 .text.RCC_GetClocksFreq
                0x000000000800182c       0x9c Libraries/STM32F10x_StdPeriph_Driver/src/stm32f10x_rcc.o
                0x000000000800182c                RCC_GetClocksFreq
 .text.RCC_APB2PeriphClockCmd
                0x00000000080018c8       0x18 Libraries/STM32F10x_StdPeriph_Driver/src/stm32f10x_rcc.o
                0x00000000080018c8                RCC_APB2PeriphClockCmd
 .text.TIM_TimeBaseInit
                0x00000000080018e0       0xac Libraries/STM32F10x_StdPeriph_Driver/src/stm32f10x_tim.o
                0x00000000080018e0                TIM_TimeBaseInit
 .text.TIM_OC1Init
                0x000000000800198c       0x90 Libraries/STM32F10x_StdPeriph_Driver/src/stm32f10x_tim.o
                0x000000000800198c                TIM_OC1Init
 .text.TIM_TimeBaseStructInit
                0x0000000008001a1c       0x10 Libraries/STM32F10x_StdPeriph_Driver/src/stm32f10x_tim.o
                0x0000000008001a1c                TIM_TimeBaseStructInit
 .text.TIM_Cmd  0x0000000008001a2c       0x1c Libraries/STM32F10x_StdPeriph_Driver/src/stm32f10x_tim.o
                0x0000000008001a2c                TIM_Cmd
 .text.TIM_CtrlPWMOutputs
                0x0000000008001a48       0x20 Libraries/STM32F10x_StdPeriph_Driver/src/stm32f10x_tim.o
                0x0000000008001a48                TIM_CtrlPWMOutputs
 .text.TIM_ITConfig
                0x0000000008001a68       0x14 Libraries/STM32F10x_StdPeriph_Driver/src/stm32f10x_tim.o
                0x0000000008001a68                TIM_ITConfig
 .text.TIM_OC1PreloadConfig
                0x0000000008001a7c       0x10 Libraries/STM32F10x_StdPeriph_Driver/src/stm32f10x_tim.o
                0x0000000008001a7c                TIM_OC1PreloadConfig
 .text.TIM_ClearITPendingBit
                0x0000000008001a8c        0x8 Libraries/STM32F10x_StdPeriph_Driver/src/stm32f10x_tim.o
                0x0000000008001a8c                TIM_ClearITPendingBit
 .text.USART_Init
                0x0000000008001a94       0xbc Libraries/STM32F10x_StdPeriph_Driver/src/stm32f10x_usart.o
                0x0000000008001a94                USART_Init
 .text.USART_Cmd
                0x0000000008001b50       0x1c Libraries/STM32F10x_StdPeriph_Driver/src/stm32f10x_usart.o
                0x0000000008001b50                USART_Cmd
 .text.USART_ITConfig
                0x0000000008001b6c       0x38 Libraries/STM32F10x_StdPeriph_Driver/src/stm32f10x_usart.o
                0x0000000008001b6c                USART_ITConfig
 .text.USART_SendData
                0x0000000008001ba4        0x8 Libraries/STM32F10x_StdPeriph_Driver/src/stm32f10x_usart.o
                0x0000000008001ba4                USART_SendData
 .text.coolant_init
                0x0000000008001bac       0x64 src/coolant_control.o
                0x0000000008001bac                coolant_init
 .text.coolant_get_state
                0x0000000008001c10       0x24 src/coolant_control.o
                0x0000000008001c10                coolant_get_state
 .text.coolant_stop
                0x0000000008001c34       0x1c src/coolant_control.o
                0x0000000008001c34                coolant_stop
 .text.coolant_set_state
                0x0000000008001c50       0x48 src/coolant_control.o
                0x0000000008001c50                coolant_set_state
 .text.coolant_sync
                0x0000000008001c98       0x54 src/coolant_control.o
                0x0000000008001c98                coolant_sync
 .text.eeprom_init
                0x0000000008001cec       0x3c src/eeprom.o
                0x0000000008001cec                eeprom_init
 .text.eeprom_get_char
                0x0000000008001d28        0xc src/eeprom.o
                0x0000000008001d28                eeprom_get_char
 .text.eeprom_put_char
                0x0000000008001d34        0xc src/eeprom.o
                0x0000000008001d34                eeprom_put_char
 .text.memcpy_to_eeprom_with_checksum
                0x0000000008001d40       0xa4 src/eeprom.o
                0x0000000008001d40                memcpy_to_eeprom_with_checksum
 .text.memcpy_from_eeprom_with_checksum
                0x0000000008001de4       0x44 src/eeprom.o
                0x0000000008001de4                memcpy_from_eeprom_with_checksum
 .text.gc_init  0x0000000008001e28       0x2c src/gcode.o
                0x0000000008001e28                gc_init
 .text.gc_sync_position
                0x0000000008001e54       0x10 src/gcode.o
                0x0000000008001e54                gc_sync_position
 .text.gc_execute_line
                0x0000000008001e64     0x1318 src/gcode.o
                0x0000000008001e64                gc_execute_line
 .text.jog_execute
                0x000000000800317c       0x60 src/jog.o
                0x000000000800317c                jog_execute
 .text.limits_init
                0x00000000080031dc       0xb4 src/limits.o
                0x00000000080031dc                limits_init
 .text.limits_disable
                0x0000000008003290       0x10 src/limits.o
                0x0000000008003290                limits_disable
 .text.limits_get_state
                0x00000000080032a0       0x6c src/limits.o
                0x00000000080032a0                limits_get_state
 .text.EXTI15_10_IRQHandler
                0x000000000800330c       0x9c src/limits.o
                0x000000000800330c                EXTI15_10_IRQHandler
 .text.limits_go_home
                0x00000000080033a8      0x47c src/limits.o
                0x00000000080033a8                limits_go_home
 .text.limits_soft_check
                0x0000000008003824       0x44 src/limits.o
                0x0000000008003824                limits_soft_check
 .text.USART1_Configuration
                0x0000000008003868       0xb0 src/main.o
                0x0000000008003868                USART1_Configuration
 .text.startup.main
                0x0000000008003918      0x11c src/main.o
                0x0000000008003918                main
 .text._delay_ms
                0x0000000008003a34       0x30 src/main.o
                0x0000000008003a34                _delay_ms
 .text.LedBlink
                0x0000000008003a64       0x28 src/main.o
                0x0000000008003a64                LedBlink
 .text.mc_line  0x0000000008003a8c       0x68 src/motion_control.o
                0x0000000008003a8c                mc_line
 *fill*         0x0000000008003af4        0x4 
 .text.mc_arc   0x0000000008003af8      0x404 src/motion_control.o
                0x0000000008003af8                mc_arc
 .text.mc_dwell
                0x0000000008003efc       0x24 src/motion_control.o
                0x0000000008003efc                mc_dwell
 .text.mc_homing_cycle
                0x0000000008003f20       0x48 src/motion_control.o
                0x0000000008003f20                mc_homing_cycle
 .text.mc_probe_cycle
                0x0000000008003f68      0x128 src/motion_control.o
                0x0000000008003f68                mc_probe_cycle
 .text.mc_reset
                0x0000000008004090       0x60 src/motion_control.o
                0x0000000008004090                mc_reset
 .text.read_float
                0x00000000080040f0      0x110 src/nuts_bolts.o
                0x00000000080040f0                read_float
 .text.delay_sec
                0x0000000008004200       0x70 src/nuts_bolts.o
                0x0000000008004200                delay_sec
 .text.delay_ms
                0x0000000008004270       0x20 src/nuts_bolts.o
                0x0000000008004270                delay_ms
 .text.hypot_f  0x0000000008004290       0x24 src/nuts_bolts.o
                0x0000000008004290                hypot_f
 .text.convert_delta_vector_to_unit_vector
                0x00000000080042b4       0xfc src/nuts_bolts.o
                0x00000000080042b4                convert_delta_vector_to_unit_vector
 .text.limit_value_by_axis_maximum
                0x00000000080043b0       0xd4 src/nuts_bolts.o
                0x00000000080043b0                limit_value_by_axis_maximum
 .text.planner_recalculate
                0x0000000008004484      0x1f8 src/planner.o
 .text.plan_reset
                0x000000000800467c       0x38 src/planner.o
                0x000000000800467c                plan_reset
 .text.plan_discard_current_block
                0x00000000080046b4       0x34 src/planner.o
                0x00000000080046b4                plan_discard_current_block
 .text.plan_get_system_motion_block
                0x00000000080046e8       0x18 src/planner.o
                0x00000000080046e8                plan_get_system_motion_block
 .text.plan_get_current_block
                0x0000000008004700       0x28 src/planner.o
                0x0000000008004700                plan_get_current_block
 .text.plan_get_exec_block_exit_speed_sqr
                0x0000000008004728       0x34 src/planner.o
                0x0000000008004728                plan_get_exec_block_exit_speed_sqr
 .text.plan_check_full_buffer
                0x000000000800475c       0x1c src/planner.o
                0x000000000800475c                plan_check_full_buffer
 .text.plan_compute_profile_nominal_speed
                0x0000000008004778       0x6c src/planner.o
                0x0000000008004778                plan_compute_profile_nominal_speed
 .text.plan_update_velocity_profile_parameters
                0x00000000080047e4       0xf8 src/planner.o
                0x00000000080047e4                plan_update_velocity_profile_parameters
 .text.plan_buffer_line
                0x00000000080048dc      0x534 src/planner.o
                0x00000000080048dc                plan_buffer_line
 .text.plan_sync_position
                0x0000000008004e10       0x1c src/planner.o
                0x0000000008004e10                plan_sync_position
 .text.plan_get_block_buffer_available
                0x0000000008004e2c       0x24 src/planner.o
                0x0000000008004e2c                plan_get_block_buffer_available
 .text.plan_cycle_reinitialize
                0x0000000008004e50       0x20 src/planner.o
                0x0000000008004e50                plan_cycle_reinitialize
 .text.printString
                0x0000000008004e70       0x18 src/print.o
                0x0000000008004e70                printString
 .text.print_uint8_base10
                0x0000000008004e88       0x84 src/print.o
                0x0000000008004e88                print_uint8_base10
 .text.printFloat
                0x0000000008004f0c       0xe4 src/print.o
                0x0000000008004f0c                printFloat
 .text.printFloat_CoordValue
                0x0000000008004ff0      0x1d0 src/print.o
                0x0000000008004ff0                printFloat_CoordValue
 .text.printFloat_RateValue
                0x00000000080051c0      0x148 src/print.o
                0x00000000080051c0                printFloat_RateValue
 .text.probe_init
                0x0000000008005308       0x4c src/probe.o
                0x0000000008005308                probe_init
 .text.probe_configure_invert_mask
                0x0000000008005354       0x28 src/probe.o
                0x0000000008005354                probe_configure_invert_mask
 .text.probe_get_state
                0x000000000800537c       0x20 src/probe.o
                0x000000000800537c                probe_get_state
 .text.probe_state_monitor
                0x000000000800539c       0x4c src/probe.o
                0x000000000800539c                probe_state_monitor
 .text.protocol_auto_cycle_start
                0x00000000080053e8       0x14 src/protocol.o
                0x00000000080053e8                protocol_auto_cycle_start
 .text.protocol_exec_rt_system
                0x00000000080053fc      0x3d4 src/protocol.o
                0x00000000080053fc                protocol_exec_rt_system
 .text.protocol_exec_rt_suspend
                0x00000000080057d0      0x670 src/protocol.o
 .text.protocol_execute_realtime
                0x0000000008005e40      0x3e4 src/protocol.o
                0x0000000008005e40                protocol_execute_realtime
 .text.protocol_buffer_synchronize
                0x0000000008006224      0x478 src/protocol.o
                0x0000000008006224                protocol_buffer_synchronize
 .text.protocol_main_loop
                0x000000000800669c      0x174 src/protocol.o
                0x000000000800669c                protocol_main_loop
 .text.report_status_message
                0x0000000008006810       0x30 src/report.o
                0x0000000008006810                report_status_message
 .text.report_alarm_message
                0x0000000008006840       0x2c src/report.o
                0x0000000008006840                report_alarm_message
 .text.report_feedback_message
                0x000000000800686c       0xbc src/report.o
                0x000000000800686c                report_feedback_message
 .text.report_init_message
                0x0000000008006928        0xc src/report.o
                0x0000000008006928                report_init_message
 .text.report_grbl_help
                0x0000000008006934        0xc src/report.o
                0x0000000008006934                report_grbl_help
 .text.report_grbl_settings
                0x0000000008006940      0x3cc src/report.o
                0x0000000008006940                report_grbl_settings
 .text.report_probe_parameters
                0x0000000008006d0c       0x5c src/report.o
                0x0000000008006d0c                report_probe_parameters
 .text.report_ngc_parameters
                0x0000000008006d68      0x158 src/report.o
                0x0000000008006d68                report_ngc_parameters
 .text.report_gcode_modes
                0x0000000008006ec0      0x164 src/report.o
                0x0000000008006ec0                report_gcode_modes
 .text.report_startup_line
                0x0000000008007024       0x30 src/report.o
                0x0000000008007024                report_startup_line
 .text.report_execute_startup_message
                0x0000000008007054       0x48 src/report.o
                0x0000000008007054                report_execute_startup_message
 .text.report_build_info
                0x000000000800709c       0x70 src/report.o
                0x000000000800709c                report_build_info
 .text.report_realtime_status
                0x000000000800710c      0x3f4 src/report.o
                0x000000000800710c                report_realtime_status
 .text.serial_get_rx_buffer_available
                0x0000000008007500       0x24 src/serial.o
                0x0000000008007500                serial_get_rx_buffer_available
 .text.serial_init
                0x0000000008007524        0x4 src/serial.o
                0x0000000008007524                serial_init
 .text.serial_write
                0x0000000008007528       0x18 src/serial.o
                0x0000000008007528                serial_write
 .text.serial_read
                0x0000000008007540       0x30 src/serial.o
                0x0000000008007540                serial_read
 .text.USART1_IRQHandler
                0x0000000008007570      0x1b0 src/serial.o
                0x0000000008007570                USART1_IRQHandler
 .text.serial_reset_read_buffer
                0x0000000008007720       0x14 src/serial.o
                0x0000000008007720                serial_reset_read_buffer
 .text.settings_store_startup_line
                0x0000000008007734       0x20 src/settings.o
                0x0000000008007734                settings_store_startup_line
 .text.settings_store_build_info
                0x0000000008007754        0xc src/settings.o
                0x0000000008007754                settings_store_build_info
 .text.settings_write_coord_data
                0x0000000008007760       0x24 src/settings.o
                0x0000000008007760                settings_write_coord_data
 .text.settings_restore
                0x0000000008007784      0x138 src/settings.o
                0x0000000008007784                settings_restore
 .text.settings_read_startup_line
                0x00000000080078bc       0x34 src/settings.o
                0x00000000080078bc                settings_read_startup_line
 .text.settings_read_build_info
                0x00000000080078f0       0x28 src/settings.o
                0x00000000080078f0                settings_read_build_info
 .text.settings_read_coord_data
                0x0000000008007918       0x40 src/settings.o
                0x0000000008007918                settings_read_coord_data
 .text.settings_store_global_setting
                0x0000000008007958      0x2b4 src/settings.o
                0x0000000008007958                settings_store_global_setting
 .text.settings_init
                0x0000000008007c0c      0x144 src/settings.o
                0x0000000008007c0c                settings_init
 .text.spindle_init
                0x0000000008007d50      0x110 src/spindle_control.o
                0x0000000008007d50                spindle_init
 .text.spindle_get_state
                0x0000000008007e60       0x24 src/spindle_control.o
                0x0000000008007e60                spindle_get_state
 .text.spindle_stop
                0x0000000008007e84       0x20 src/spindle_control.o
                0x0000000008007e84                spindle_stop
 .text.spindle_set_speed
                0x0000000008007ea4       0x14 src/spindle_control.o
                0x0000000008007ea4                spindle_set_speed
 .text.spindle_compute_pwm_value
                0x0000000008007eb8       0x8c src/spindle_control.o
                0x0000000008007eb8                spindle_compute_pwm_value
 .text.spindle_set_state
                0x0000000008007f44      0x114 src/spindle_control.o
                0x0000000008007f44                spindle_set_state
 .text.spindle_sync
                0x0000000008008058      0x118 src/spindle_control.o
                0x0000000008008058                spindle_sync
 .text.Reset_Handler
                0x0000000008008170       0x50 src/startup_stm32f10x_md.o
                0x0000000008008170                Reset_Handler
 .text.Default_Handler
                0x00000000080081c0        0x2 src/startup_stm32f10x_md.o
                0x00000000080081c0                EXTI2_IRQHandler
                0x00000000080081c0                TIM1_CC_IRQHandler
                0x00000000080081c0                SysTick_Handler
                0x00000000080081c0                PVD_IRQHandler
                0x00000000080081c0                EXTI3_IRQHandler
                0x00000000080081c0                EXTI0_IRQHandler
                0x00000000080081c0                I2C2_EV_IRQHandler
                0x00000000080081c0                ADC1_2_IRQHandler
                0x00000000080081c0                SPI1_IRQHandler
                0x00000000080081c0                TAMPER_IRQHandler
                0x00000000080081c0                DMA1_Channel4_IRQHandler
                0x00000000080081c0                USART3_IRQHandler
                0x00000000080081c0                RTC_IRQHandler
                0x00000000080081c0                DMA1_Channel7_IRQHandler
                0x00000000080081c0                CAN1_RX1_IRQHandler
                0x00000000080081c0                TIM4_IRQHandler
                0x00000000080081c0                I2C1_EV_IRQHandler
                0x00000000080081c0                DMA1_Channel6_IRQHandler
                0x00000000080081c0                RCC_IRQHandler
                0x00000000080081c0                TIM1_TRG_COM_IRQHandler
                0x00000000080081c0                DMA1_Channel1_IRQHandler
                0x00000000080081c0                Default_Handler
                0x00000000080081c0                SPI2_IRQHandler
                0x00000000080081c0                DMA1_Channel5_IRQHandler
                0x00000000080081c0                EXTI4_IRQHandler
                0x00000000080081c0                USB_HP_CAN1_TX_IRQHandler
                0x00000000080081c0                DMA1_Channel3_IRQHandler
                0x00000000080081c0                TIM1_UP_IRQHandler
                0x00000000080081c0                WWDG_IRQHandler
                0x00000000080081c0                TIM1_BRK_IRQHandler
                0x00000000080081c0                EXTI1_IRQHandler
                0x00000000080081c0                RTCAlarm_IRQHandler
                0x00000000080081c0                USART2_IRQHandler
                0x00000000080081c0                I2C2_ER_IRQHandler
                0x00000000080081c0                DMA1_Channel2_IRQHandler
                0x00000000080081c0                CAN1_SCE_IRQHandler
                0x00000000080081c0                FLASH_IRQHandler
                0x00000000080081c0                I2C1_ER_IRQHandler
                0x00000000080081c0                USBWakeUp_IRQHandler
 *fill*         0x00000000080081c2        0x2 
 .text.st_wake_up
                0x00000000080081c4       0x80 src/stepper.o
                0x00000000080081c4                st_wake_up
 .text.st_go_idle
                0x0000000008008244       0x80 src/stepper.o
                0x0000000008008244                st_go_idle
 .text.TIM2_IRQHandler
                0x00000000080082c4      0x2f0 src/stepper.o
                0x00000000080082c4                TIM2_IRQHandler
 .text.TIM3_IRQHandler
                0x00000000080085b4       0x44 src/stepper.o
                0x00000000080085b4                TIM3_IRQHandler
 .text.st_generate_step_dir_invert_masks
                0x00000000080085f8       0x7c src/stepper.o
                0x00000000080085f8                st_generate_step_dir_invert_masks
 .text.st_reset
                0x0000000008008674      0x168 src/stepper.o
                0x0000000008008674                st_reset
 .text.stepper_init
                0x00000000080087dc      0x180 src/stepper.o
                0x00000000080087dc                stepper_init
 .text.st_update_plan_block_parameters
                0x000000000800895c       0x2c src/stepper.o
                0x000000000800895c                st_update_plan_block_parameters
 .text.st_prep_buffer
                0x0000000008008988      0xab8 src/stepper.o
                0x0000000008008988                st_prep_buffer
 .text.st_get_realtime_rate
                0x0000000008009440       0x1c src/stepper.o
                0x0000000008009440                st_get_realtime_rate
 .text.system_init
                0x000000000800945c       0x88 src/system.o
                0x000000000800945c                system_init
 .text.system_control_get_state
                0x00000000080094e4       0x30 src/system.o
                0x00000000080094e4                system_control_get_state
 .text.EXTI9_5_IRQHandler
                0x0000000008009514       0x84 src/system.o
                0x0000000008009514                EXTI9_5_IRQHandler
 .text.system_check_safety_door_ajar
                0x0000000008009598        0x4 src/system.o
                0x0000000008009598                system_check_safety_door_ajar
 .text.system_execute_startup
                0x000000000800959c       0x38 src/system.o
                0x000000000800959c                system_execute_startup
 .text.system_execute_line
                0x00000000080095d4      0x354 src/system.o
                0x00000000080095d4                system_execute_line
 .text.system_flag_wco_change
                0x0000000008009928       0x14 src/system.o
                0x0000000008009928                system_flag_wco_change
 .text.system_convert_array_steps_to_mpos
                0x000000000800993c       0x54 src/system.o
                0x000000000800993c                system_convert_array_steps_to_mpos
 .text.system_check_travel_limits
                0x0000000008009990      0x138 src/system.o
                0x0000000008009990                system_check_travel_limits
 .text.system_set_exec_state_flag
                0x0000000008009ac8       0x14 src/system.o
                0x0000000008009ac8                system_set_exec_state_flag
 .text.system_clear_exec_state_flag
                0x0000000008009adc       0x14 src/system.o
                0x0000000008009adc                system_clear_exec_state_flag
 .text.system_set_exec_alarm
                0x0000000008009af0       0x10 src/system.o
                0x0000000008009af0                system_set_exec_alarm
 .text.system_clear_exec_alarm
                0x0000000008009b00       0x10 src/system.o
                0x0000000008009b00                system_clear_exec_alarm
 .text.system_set_exec_motion_override_flag
                0x0000000008009b10       0x14 src/system.o
                0x0000000008009b10                system_set_exec_motion_override_flag
 .text.system_set_exec_accessory_override_flag
                0x0000000008009b24       0x14 src/system.o
                0x0000000008009b24                system_set_exec_accessory_override_flag
 .text.system_clear_exec_motion_overrides
                0x0000000008009b38       0x10 src/system.o
                0x0000000008009b38                system_clear_exec_motion_overrides
 .text.system_clear_exec_accessory_overrides
                0x0000000008009b48       0x10 src/system.o
                0x0000000008009b48                system_clear_exec_accessory_overrides
 .text.SystemInit
                0x0000000008009b58      0x104 src/system_stm32f10x.o
                0x0000000008009b58                SystemInit
 .text.Standard_GetConfiguration
                0x0000000008009c5c       0x28 stm_usb_fs_lib/src/usb_core.o
                0x0000000008009c5c                Standard_GetConfiguration
 .text.Standard_GetInterface
                0x0000000008009c84       0x28 stm_usb_fs_lib/src/usb_core.o
                0x0000000008009c84                Standard_GetInterface
 .text.Standard_GetStatus
                0x0000000008009cac       0x90 stm_usb_fs_lib/src/usb_core.o
                0x0000000008009cac                Standard_GetStatus
 .text.DataStageIn
                0x0000000008009d3c       0xb0 stm_usb_fs_lib/src/usb_core.o
 .text.Standard_ClearFeature
                0x0000000008009dec       0xd4 stm_usb_fs_lib/src/usb_core.o
                0x0000000008009dec                Standard_ClearFeature
 .text.Standard_SetEndPointFeature
                0x0000000008009ec0       0x94 stm_usb_fs_lib/src/usb_core.o
                0x0000000008009ec0                Standard_SetEndPointFeature
 .text.Standard_GetDescriptorData
                0x0000000008009f54       0x1c stm_usb_fs_lib/src/usb_core.o
                0x0000000008009f54                Standard_GetDescriptorData
 .text.Setup0_Process
                0x0000000008009f70      0x3fc stm_usb_fs_lib/src/usb_core.o
                0x0000000008009f70                Setup0_Process
 .text.In0_Process
                0x000000000800a36c       0xcc stm_usb_fs_lib/src/usb_core.o
                0x000000000800a36c                In0_Process
 .text.Out0_Process
                0x000000000800a438      0x110 stm_usb_fs_lib/src/usb_core.o
                0x000000000800a438                Out0_Process
 .text.SetDeviceAddress
                0x000000000800a548       0x40 stm_usb_fs_lib/src/usb_core.o
                0x000000000800a548                SetDeviceAddress
 .text.NOP_Process
                0x000000000800a588        0x4 stm_usb_fs_lib/src/usb_core.o
                0x000000000800a588                NOP_Process
 .text.CTR_LP   0x000000000800a58c      0x180 stm_usb_fs_lib/src/usb_int.o
                0x000000000800a58c                CTR_LP
 .text.UserToPMABufferCopy
                0x000000000800a70c       0x28 stm_usb_fs_lib/src/usb_mem.o
                0x000000000800a70c                UserToPMABufferCopy
 .text.PMAToUserBufferCopy
                0x000000000800a734       0x20 stm_usb_fs_lib/src/usb_mem.o
                0x000000000800a734                PMAToUserBufferCopy
 .text.SetBTABLE
                0x000000000800a754       0x10 stm_usb_fs_lib/src/usb_regs.o
                0x000000000800a754                SetBTABLE
 .text.SetEPType
                0x000000000800a764       0x1c stm_usb_fs_lib/src/usb_regs.o
                0x000000000800a764                SetEPType
 .text.SetEPTxStatus
                0x000000000800a780       0x34 stm_usb_fs_lib/src/usb_regs.o
                0x000000000800a780                SetEPTxStatus
 .text.SetEPRxStatus
                0x000000000800a7b4       0x34 stm_usb_fs_lib/src/usb_regs.o
                0x000000000800a7b4                SetEPRxStatus
 .text.SetEPTxValid
                0x000000000800a7e8       0x28 stm_usb_fs_lib/src/usb_regs.o
                0x000000000800a7e8                SetEPTxValid
 .text.SetEPRxValid
                0x000000000800a810       0x28 stm_usb_fs_lib/src/usb_regs.o
                0x000000000800a810                SetEPRxValid
 .text.Clear_Status_Out
                0x000000000800a838       0x20 stm_usb_fs_lib/src/usb_regs.o
                0x000000000800a838                Clear_Status_Out
 .text.ClearDTOG_RX
                0x000000000800a858       0x24 stm_usb_fs_lib/src/usb_regs.o
                0x000000000800a858                ClearDTOG_RX
 .text.ClearDTOG_TX
                0x000000000800a87c       0x24 stm_usb_fs_lib/src/usb_regs.o
                0x000000000800a87c                ClearDTOG_TX
 .text.SetEPTxAddr
                0x000000000800a8a0       0x20 stm_usb_fs_lib/src/usb_regs.o
                0x000000000800a8a0                SetEPTxAddr
 .text.SetEPRxAddr
                0x000000000800a8c0       0x20 stm_usb_fs_lib/src/usb_regs.o
                0x000000000800a8c0                SetEPRxAddr
 .text.GetEPTxAddr
                0x000000000800a8e0       0x1c stm_usb_fs_lib/src/usb_regs.o
                0x000000000800a8e0                GetEPTxAddr
 .text.GetEPRxAddr
                0x000000000800a8fc       0x1c stm_usb_fs_lib/src/usb_regs.o
                0x000000000800a8fc                GetEPRxAddr
 .text.SetEPTxCount
                0x000000000800a918       0x1c stm_usb_fs_lib/src/usb_regs.o
                0x000000000800a918                SetEPTxCount
 .text.SetEPRxCount
                0x000000000800a934       0x44 stm_usb_fs_lib/src/usb_regs.o
                0x000000000800a934                SetEPRxCount
 .text.GetEPRxCount
                0x000000000800a978       0x20 stm_usb_fs_lib/src/usb_regs.o
                0x000000000800a978                GetEPRxCount
 .text.ByteSwap
                0x000000000800a998        0xc stm_usb_fs_lib/src/usb_regs.o
                0x000000000800a998                ByteSwap
 .text.USB_SIL_Init
                0x000000000800a9a4       0x24 stm_usb_fs_lib/src/usb_sil.o
                0x000000000800a9a4                USB_SIL_Init
 .text.USB_SIL_Read
                0x000000000800a9c8       0x24 stm_usb_fs_lib/src/usb_sil.o
                0x000000000800a9c8                USB_SIL_Read
 .text.USB_Cable_Config
                0x000000000800a9ec        0x4 usb/hw_config.o
                0x000000000800a9ec                USB_Cable_Config
 .text.Get_SerialNum
                0x000000000800a9f0       0xfc usb/hw_config.o
                0x000000000800a9f0                Get_SerialNum
 .text.EP1_IN_Callback.part.0
                0x000000000800aaec       0xc4 usb/usb_endp.o
 .text.EP3_OUT_Callback
                0x000000000800abb0       0x18 usb/usb_endp.o
                0x000000000800abb0                EP3_OUT_Callback
 .text.EP1_IN_Callback
                0x000000000800abc8       0x18 usb/usb_endp.o
                0x000000000800abc8                EP1_IN_Callback
 .text.SOF_Callback
                0x000000000800abe0       0x24 usb/usb_endp.o
                0x000000000800abe0                SOF_Callback
 .text.USB_Istr
                0x000000000800ac04       0x74 usb/usb_istr.o
                0x000000000800ac04                USB_Istr
 .text.Virtual_Com_Port_Status_In
                0x000000000800ac78       0x14 usb/usb_prop.o
                0x000000000800ac78                Virtual_Com_Port_Status_In
 .text.Virtual_Com_Port_Status_Out
                0x000000000800ac8c        0x4 usb/usb_prop.o
                0x000000000800ac8c                Virtual_Com_Port_Status_Out
 .text.Virtual_Com_Port_Data_Setup
                0x000000000800ac90       0x5c usb/usb_prop.o
                0x000000000800ac90                Virtual_Com_Port_Data_Setup
 .text.Virtual_Com_Port_NoData_Setup
                0x000000000800acec       0x24 usb/usb_prop.o
                0x000000000800acec                Virtual_Com_Port_NoData_Setup
 .text.Virtual_Com_Port_Get_Interface_Setting
                0x000000000800ad10       0x10 usb/usb_prop.o
                0x000000000800ad10                Virtual_Com_Port_Get_Interface_Setting
 .text.Virtual_Com_Port_SetLineCoding
                0x000000000800ad20       0x18 usb/usb_prop.o
                0x000000000800ad20                Virtual_Com_Port_SetLineCoding
 .text.Virtual_Com_Port_init
                0x000000000800ad38       0x24 usb/usb_prop.o
                0x000000000800ad38                Virtual_Com_Port_init
 .text.Virtual_Com_Port_Reset
                0x000000000800ad5c       0xe0 usb/usb_prop.o
                0x000000000800ad5c                Virtual_Com_Port_Reset
 .text.Virtual_Com_Port_GetDeviceDescriptor
                0x000000000800ae3c        0xc usb/usb_prop.o
                0x000000000800ae3c                Virtual_Com_Port_GetDeviceDescriptor
 .text.Virtual_Com_Port_GetConfigDescriptor
                0x000000000800ae48        0xc usb/usb_prop.o
                0x000000000800ae48                Virtual_Com_Port_GetConfigDescriptor
 .text.Virtual_Com_Port_GetStringDescriptor
                0x000000000800ae54       0x20 usb/usb_prop.o
                0x000000000800ae54                Virtual_Com_Port_GetStringDescriptor
 .text.Virtual_Com_Port_GetLineCoding
                0x000000000800ae74       0x18 usb/usb_prop.o
                0x000000000800ae74                Virtual_Com_Port_GetLineCoding
 .text.PowerOn  0x000000000800ae8c       0x30 usb/usb_pwr.o
                0x000000000800ae8c                PowerOn
 .text.NMI_Handler
                0x000000000800aebc        0x4 util/stm32f10x_it.o
                0x000000000800aebc                NMI_Handler
 .text.HardFault_Handler
                0x000000000800aec0        0x4 util/stm32f10x_it.o
                0x000000000800aec0                HardFault_Handler
 .text.MemManage_Handler
                0x000000000800aec4        0x4 util/stm32f10x_it.o
                0x000000000800aec4                MemManage_Handler
 .text.BusFault_Handler
                0x000000000800aec8        0x4 util/stm32f10x_it.o
                0x000000000800aec8                BusFault_Handler
 .text.UsageFault_Handler
                0x000000000800aecc        0x4 util/stm32f10x_it.o
                0x000000000800aecc                UsageFault_Handler
 .text.SVC_Handler
                0x000000000800aed0        0x4 util/stm32f10x_it.o
                0x000000000800aed0                SVC_Handler
 .text.DebugMon_Handler
                0x000000000800aed4        0x4 util/stm32f10x_it.o
                0x000000000800aed4                DebugMon_Handler
 .text.PendSV_Handler
                0x000000000800aed8        0x4 util/stm32f10x_it.o
                0x000000000800aed8                PendSV_Handler
 .text.USB_LP_CAN1_RX0_IRQHandler
                0x000000000800aedc        0x4 util/stm32f10x_it.o
                0x000000000800aedc                USB_LP_CAN1_RX0_IRQHandler
 .text.__libc_init_array
                0x000000000800aee0       0x48 /opt/Atollic_TrueSTUDIO_for_STM32_x86_64_9.3.0/ARMTools/bin/../lib/gcc/arm-atollic-eabi/6.3.1/../../../../arm-atollic-eabi/lib/armv7-m/libc.a(lib_a-init.o)
                0x000000000800aee0                __libc_init_array
 .text.memcmp   0x000000000800af28       0x1e /opt/Atollic_TrueSTUDIO_for_STM32_x86_64_9.3.0/ARMTools/bin/../lib/gcc/arm-atollic-eabi/6.3.1/../../../../arm-atollic-eabi/lib/armv7-m/libc.a(lib_a-memcmp.o)
                0x000000000800af28                memcmp
 .text.memset   0x000000000800af46       0x10 /opt/Atollic_TrueSTUDIO_for_STM32_x86_64_9.3.0/ARMTools/bin/../lib/gcc/arm-atollic-eabi/6.3.1/../../../../arm-atollic-eabi/lib/armv7-m/libc.a(lib_a-memset.o)
                0x000000000800af46                memset
 *fill*         0x000000000800af56        0x2 
 .text.ceilf    0x000000000800af58       0x80 /opt/Atollic_TrueSTUDIO_for_STM32_x86_64_9.3.0/ARMTools/bin/../lib/gcc/arm-atollic-eabi/6.3.1/../../../../arm-atollic-eabi/lib/armv7-m/libm.a(lib_a-sf_ceil.o)
                0x000000000800af58                ceilf
 .text.cosf     0x000000000800afd8       0x68 /opt/Atollic_TrueSTUDIO_for_STM32_x86_64_9.3.0/ARMTools/bin/../lib/gcc/arm-atollic-eabi/6.3.1/../../../../arm-atollic-eabi/lib/armv7-m/libm.a(lib_a-sf_cos.o)
                0x000000000800afd8                cosf
 .text.floorf   0x000000000800b040       0x80 /opt/Atollic_TrueSTUDIO_for_STM32_x86_64_9.3.0/ARMTools/bin/../lib/gcc/arm-atollic-eabi/6.3.1/../../../../arm-atollic-eabi/lib/armv7-m/libm.a(lib_a-sf_floor.o)
                0x000000000800b040                floorf
 .text.lroundf  0x000000000800b0c0       0x58 /opt/Atollic_TrueSTUDIO_for_STM32_x86_64_9.3.0/ARMTools/bin/../lib/gcc/arm-atollic-eabi/6.3.1/../../../../arm-atollic-eabi/lib/armv7-m/libm.a(lib_a-sf_lround.o)
                0x000000000800b0c0                lroundf
 .text.sinf     0x000000000800b118       0x6c /opt/Atollic_TrueSTUDIO_for_STM32_x86_64_9.3.0/ARMTools/bin/../lib/gcc/arm-atollic-eabi/6.3.1/../../../../arm-atollic-eabi/lib/armv7-m/libm.a(lib_a-sf_sin.o)
                0x000000000800b118                sinf
 .text.atan2f   0x000000000800b184        0x4 /opt/Atollic_TrueSTUDIO_for_STM32_x86_64_9.3.0/ARMTools/bin/../lib/gcc/arm-atollic-eabi/6.3.1/../../../../arm-atollic-eabi/lib/armv7-m/libm.a(lib_a-wf_atan2.o)
                0x000000000800b184                atan2f
 .text.sqrtf    0x000000000800b188       0x94 /opt/Atollic_TrueSTUDIO_for_STM32_x86_64_9.3.0/ARMTools/bin/../lib/gcc/arm-atollic-eabi/6.3.1/../../../../arm-atollic-eabi/lib/armv7-m/libm.a(lib_a-wf_sqrt.o)
                0x000000000800b188                sqrtf
 .text.__ieee754_atan2f
                0x000000000800b21c      0x120 /opt/Atollic_TrueSTUDIO_for_STM32_x86_64_9.3.0/ARMTools/bin/../lib/gcc/arm-atollic-eabi/6.3.1/../../../../arm-atollic-eabi/lib/armv7-m/libm.a(lib_a-ef_atan2.o)
                0x000000000800b21c                __ieee754_atan2f
 .text.__ieee754_rem_pio2f
                0x000000000800b33c      0x2b0 /opt/Atollic_TrueSTUDIO_for_STM32_x86_64_9.3.0/ARMTools/bin/../lib/gcc/arm-atollic-eabi/6.3.1/../../../../arm-atollic-eabi/lib/armv7-m/libm.a(lib_a-ef_rem_pio2.o)
                0x000000000800b33c                __ieee754_rem_pio2f
 .text.__ieee754_sqrtf
                0x000000000800b5ec       0xa4 /opt/Atollic_TrueSTUDIO_for_STM32_x86_64_9.3.0/ARMTools/bin/../lib/gcc/arm-atollic-eabi/6.3.1/../../../../arm-atollic-eabi/lib/armv7-m/libm.a(lib_a-ef_sqrt.o)
                0x000000000800b5ec                __ieee754_sqrtf
 .text.__kernel_cosf
                0x000000000800b690      0x128 /opt/Atollic_TrueSTUDIO_for_STM32_x86_64_9.3.0/ARMTools/bin/../lib/gcc/arm-atollic-eabi/6.3.1/../../../../arm-atollic-eabi/lib/armv7-m/libm.a(lib_a-kf_cos.o)
                0x000000000800b690                __kernel_cosf
 .text.__kernel_rem_pio2f
                0x000000000800b7b8      0x51c /opt/Atollic_TrueSTUDIO_for_STM32_x86_64_9.3.0/ARMTools/bin/../lib/gcc/arm-atollic-eabi/6.3.1/../../../../arm-atollic-eabi/lib/armv7-m/libm.a(lib_a-kf_rem_pio2.o)
                0x000000000800b7b8                __kernel_rem_pio2f
 .text.__kernel_sinf
                0x000000000800bcd4       0xec /opt/Atollic_TrueSTUDIO_for_STM32_x86_64_9.3.0/ARMTools/bin/../lib/gcc/arm-atollic-eabi/6.3.1/../../../../arm-atollic-eabi/lib/armv7-m/libm.a(lib_a-kf_sin.o)
                0x000000000800bcd4                __kernel_sinf
 .text.matherr  0x000000000800bdc0        0x4 /opt/Atollic_TrueSTUDIO_for_STM32_x86_64_9.3.0/ARMTools/bin/../lib/gcc/arm-atollic-eabi/6.3.1/../../../../arm-atollic-eabi/lib/armv7-m/libm.a(lib_a-s_matherr.o)
                0x000000000800bdc0                matherr
 .text.atanf    0x000000000800bdc4      0x220 /opt/Atollic_TrueSTUDIO_for_STM32_x86_64_9.3.0/ARMTools/bin/../lib/gcc/arm-atollic-eabi/6.3.1/../../../../arm-atollic-eabi/lib/armv7-m/libm.a(lib_a-sf_atan.o)
                0x000000000800bdc4                atanf
 .text.fabsf    0x000000000800bfe4        0x6 /opt/Atollic_TrueSTUDIO_for_STM32_x86_64_9.3.0/ARMTools/bin/../lib/gcc/arm-atollic-eabi/6.3.1/../../../../arm-atollic-eabi/lib/armv7-m/libm.a(lib_a-sf_fabs.o)
                0x000000000800bfe4                fabsf
 *fill*         0x000000000800bfea        0x2 
 .text.scalbnf  0x000000000800bfec       0x98 /opt/Atollic_TrueSTUDIO_for_STM32_x86_64_9.3.0/ARMTools/bin/../lib/gcc/arm-atollic-eabi/6.3.1/../../../../arm-atollic-eabi/lib/armv7-m/libm.a(lib_a-sf_scalbn.o)
                0x000000000800bfec                scalbnf
 .text.copysignf
                0x000000000800c084        0xc /opt/Atollic_TrueSTUDIO_for_STM32_x86_64_9.3.0/ARMTools/bin/../lib/gcc/arm-atollic-eabi/6.3.1/../../../../arm-atollic-eabi/lib/armv7-m/libm.a(lib_a-sf_copysign.o)
                0x000000000800c084                copysignf
 .text.__errno  0x000000000800c090        0xc /opt/Atollic_TrueSTUDIO_for_STM32_x86_64_9.3.0/ARMTools/bin/../lib/gcc/arm-atollic-eabi/6.3.1/../../../../arm-atollic-eabi/lib/armv7-m/libc.a(lib_a-errno.o)
                0x000000000800c090                __errno
 *(.glue_7)
 .glue_7        0x000000000800c09c        0x0 linker stubs
 *(.glue_7t)
 .glue_7t       0x000000000800c09c        0x0 linker stubs
 *(.eh_frame)
 .eh_frame      0x000000000800c09c        0x0 /opt/Atollic_TrueSTUDIO_for_STM32_x86_64_9.3.0/ARMTools/bin/../lib/gcc/arm-atollic-eabi/6.3.1/armv7-m/crtbegin.o
 *(.init)
 .init          0x000000000800c09c        0x4 /opt/Atollic_TrueSTUDIO_for_STM32_x86_64_9.3.0/ARMTools/bin/../lib/gcc/arm-atollic-eabi/6.3.1/armv7-m/crti.o
                0x000000000800c09c                _init
 .init          0x000000000800c0a0        0x8 /opt/Atollic_TrueSTUDIO_for_STM32_x86_64_9.3.0/ARMTools/bin/../lib/gcc/arm-atollic-eabi/6.3.1/armv7-m/crtn.o
 *(.fini)
 .fini          0x000000000800c0a8        0x4 /opt/Atollic_TrueSTUDIO_for_STM32_x86_64_9.3.0/ARMTools/bin/../lib/gcc/arm-atollic-eabi/6.3.1/armv7-m/crti.o
                0x000000000800c0a8                _fini
 .fini          0x000000000800c0ac        0x8 /opt/Atollic_TrueSTUDIO_for_STM32_x86_64_9.3.0/ARMTools/bin/../lib/gcc/arm-atollic-eabi/6.3.1/armv7-m/crtn.o
                0x000000000800c0b4                . = ALIGN (0x4)
                0x000000000800c0b4                _etext = .

.vfp11_veneer   0x000000000800c0b4        0x0
 .vfp11_veneer  0x000000000800c0b4        0x0 linker stubs

.v4_bx          0x000000000800c0b4        0x0
 .v4_bx         0x000000000800c0b4        0x0 linker stubs

.iplt           0x000000000800c0b4        0x0
 .iplt          0x000000000800c0b4        0x0 /opt/Atollic_TrueSTUDIO_for_STM32_x86_64_9.3.0/ARMTools/bin/../lib/gcc/arm-atollic-eabi/6.3.1/armv7-m/crtbegin.o

.rodata         0x000000000800c0b4      0x6c0
                0x000000000800c0b4                . = ALIGN (0x4)
 *(.rodata)
 *(.rodata*)
 .rodata.report_alarm_message.str1.4
                0x000000000800c0b4        0x7 src/report.o
 *fill*         0x000000000800c0bb        0x1 
 .rodata.report_build_info.str1.4
                0x000000000800c0bc       0x1a src/report.o
 *fill*         0x000000000800c0d6        0x2 
 .rodata.report_feedback_message.str1.4
                0x000000000800c0d8       0xad src/report.o
 *fill*         0x000000000800c185        0x3 
 .rodata.report_gcode_modes.str1.4
                0x000000000800c188       0x1f src/report.o
 *fill*         0x000000000800c1a7        0x1 
 .rodata.report_grbl_help.str1.4
                0x000000000800c1a8       0x4a src/report.o
 *fill*         0x000000000800c1f2        0x2 
 .rodata.report_init_message.str1.4
                0x000000000800c1f4       0x1d src/report.o
 *fill*         0x000000000800c211        0x3 
 .rodata.report_ngc_parameters.str1.4
                0x000000000800c214       0x1a src/report.o
 *fill*         0x000000000800c22e        0x2 
 .rodata.report_probe_parameters.str1.4
                0x000000000800c230        0x6 src/report.o
 *fill*         0x000000000800c236        0x2 
 .rodata.report_realtime_status.str1.4
                0x000000000800c238       0x7b src/report.o
 *fill*         0x000000000800c2b3        0x1 
 .rodata.report_startup_line.str1.4
                0x000000000800c2b4        0x3 src/report.o
 *fill*         0x000000000800c2b7        0x1 
 .rodata.report_status_message.str1.4
                0x000000000800c2b8       0x14 src/report.o
                                         0x13 (size before relaxing)
 .rodata.direction_pin_mask
                0x000000000800c2cc        0xa src/stepper.o
                0x000000000800c2cc                direction_pin_mask
 *fill*         0x000000000800c2d6        0x2 
 .rodata.limit_pin_mask
                0x000000000800c2d8        0xa src/stepper.o
                0x000000000800c2d8                limit_pin_mask
 *fill*         0x000000000800c2e2        0x2 
 .rodata.step_pin_mask
                0x000000000800c2e4        0xa src/stepper.o
                0x000000000800c2e4                step_pin_mask
 *fill*         0x000000000800c2ee        0x2 
 .rodata.Virtual_Com_Port_ConfigDescriptor
                0x000000000800c2f0       0x43 usb/usb_desc.o
                0x000000000800c2f0                Virtual_Com_Port_ConfigDescriptor
 *fill*         0x000000000800c333        0x1 
 .rodata.Virtual_Com_Port_DeviceDescriptor
                0x000000000800c334       0x12 usb/usb_desc.o
                0x000000000800c334                Virtual_Com_Port_DeviceDescriptor
 *fill*         0x000000000800c346        0x2 
 .rodata.Virtual_Com_Port_StringLangID
                0x000000000800c348        0x4 usb/usb_desc.o
                0x000000000800c348                Virtual_Com_Port_StringLangID
 .rodata.Virtual_Com_Port_StringProduct
                0x000000000800c34c       0x1c usb/usb_desc.o
                0x000000000800c34c                Virtual_Com_Port_StringProduct
 .rodata.Virtual_Com_Port_StringVendor
                0x000000000800c368       0x16 usb/usb_desc.o
                0x000000000800c368                Virtual_Com_Port_StringVendor
 .rodata.sqrtf.str1.1
                0x000000000800c37e        0x6 /opt/Atollic_TrueSTUDIO_for_STM32_x86_64_9.3.0/ARMTools/bin/../lib/gcc/arm-atollic-eabi/6.3.1/../../../../arm-atollic-eabi/lib/armv7-m/libm.a(lib_a-wf_sqrt.o)
 .rodata.npio2_hw
                0x000000000800c384       0x80 /opt/Atollic_TrueSTUDIO_for_STM32_x86_64_9.3.0/ARMTools/bin/../lib/gcc/arm-atollic-eabi/6.3.1/../../../../arm-atollic-eabi/lib/armv7-m/libm.a(lib_a-ef_rem_pio2.o)
 .rodata.two_over_pi
                0x000000000800c404      0x318 /opt/Atollic_TrueSTUDIO_for_STM32_x86_64_9.3.0/ARMTools/bin/../lib/gcc/arm-atollic-eabi/6.3.1/../../../../arm-atollic-eabi/lib/armv7-m/libm.a(lib_a-ef_rem_pio2.o)
 .rodata.PIo2   0x000000000800c71c       0x2c /opt/Atollic_TrueSTUDIO_for_STM32_x86_64_9.3.0/ARMTools/bin/../lib/gcc/arm-atollic-eabi/6.3.1/../../../../arm-atollic-eabi/lib/armv7-m/libm.a(lib_a-kf_rem_pio2.o)
 .rodata.init_jk
                0x000000000800c748        0xc /opt/Atollic_TrueSTUDIO_for_STM32_x86_64_9.3.0/ARMTools/bin/../lib/gcc/arm-atollic-eabi/6.3.1/../../../../arm-atollic-eabi/lib/armv7-m/libm.a(lib_a-kf_rem_pio2.o)
 .rodata.atanhi
                0x000000000800c754       0x10 /opt/Atollic_TrueSTUDIO_for_STM32_x86_64_9.3.0/ARMTools/bin/../lib/gcc/arm-atollic-eabi/6.3.1/../../../../arm-atollic-eabi/lib/armv7-m/libm.a(lib_a-sf_atan.o)
 .rodata.atanlo
                0x000000000800c764       0x10 /opt/Atollic_TrueSTUDIO_for_STM32_x86_64_9.3.0/ARMTools/bin/../lib/gcc/arm-atollic-eabi/6.3.1/../../../../arm-atollic-eabi/lib/armv7-m/libm.a(lib_a-sf_atan.o)
                0x000000000800c774                . = ALIGN (0x4)

.rel.dyn        0x000000000800c774        0x0
 .rel.iplt      0x000000000800c774        0x0 /opt/Atollic_TrueSTUDIO_for_STM32_x86_64_9.3.0/ARMTools/bin/../lib/gcc/arm-atollic-eabi/6.3.1/armv7-m/crtbegin.o

.ARM.extab
 *(.ARM.extab* .gnu.linkonce.armextab.*)

.ARM            0x000000000800c774        0x0
                0x000000000800c774                __exidx_start = .
 *(.ARM.exidx*)
                0x000000000800c774                __exidx_end = .

.preinit_array  0x000000000800c774        0x0
                0x000000000800c774                PROVIDE (__preinit_array_start, .)
 *(.preinit_array*)
                0x000000000800c774                PROVIDE (__preinit_array_end, .)

.init_array     0x000000000800c774        0x4
                0x000000000800c774                PROVIDE (__init_array_start, .)
 *(SORT(.init_array.*))
 *(.init_array*)
 .init_array    0x000000000800c774        0x4 /opt/Atollic_TrueSTUDIO_for_STM32_x86_64_9.3.0/ARMTools/bin/../lib/gcc/arm-atollic-eabi/6.3.1/armv7-m/crtbegin.o
                0x000000000800c778                PROVIDE (__init_array_end, .)

.fini_array     0x000000000800c778        0x4
                [!provide]                        PROVIDE (__fini_array_start, .)
 *(SORT(.fini_array.*))
 *(.fini_array*)
 .fini_array    0x000000000800c778        0x4 /opt/Atollic_TrueSTUDIO_for_STM32_x86_64_9.3.0/ARMTools/bin/../lib/gcc/arm-atollic-eabi/6.3.1/armv7-m/crtbegin.o
                [!provide]                        PROVIDE (__fini_array_end, .)
                0x000000000800c77c                _sidata = LOADADDR (.data)

.data           0x0000000020000000      0x1d4 load address 0x000000000800c77c
                0x0000000020000000                . = ALIGN (0x4)
                0x0000000020000000                _sdata = .
 *(.data)
 *(.data*)
 .data.ADCPrescTable
                0x0000000020000000        0x4 Libraries/STM32F10x_StdPeriph_Driver/src/stm32f10x_rcc.o
 .data.APBAHBPrescTable
                0x0000000020000004       0x10 Libraries/STM32F10x_StdPeriph_Driver/src/stm32f10x_rcc.o
 .data.nOnFlag.8667
                0x0000000020000014        0x1 src/main.o
 *fill*         0x0000000020000015        0x3 
 .data.SystemCoreClock
                0x0000000020000018        0x4 src/system_stm32f10x.o
                0x0000000020000018                SystemCoreClock
 .data.Virtual_Com_Port_StringSerial
                0x000000002000001c       0x1a usb/usb_desc.o
                0x000000002000001c                Virtual_Com_Port_StringSerial
 *fill*         0x0000000020000036        0x2 
 .data.pEpInt_IN
                0x0000000020000038       0x1c usb/usb_istr.o
                0x0000000020000038                pEpInt_IN
 .data.pEpInt_OUT
                0x0000000020000054       0x1c usb/usb_istr.o
                0x0000000020000054                pEpInt_OUT
 .data.Config_Descriptor
                0x0000000020000070        0x8 usb/usb_prop.o
                0x0000000020000070                Config_Descriptor
 .data.Device_Descriptor
                0x0000000020000078        0x8 usb/usb_prop.o
                0x0000000020000078                Device_Descriptor
 .data.Device_Property
                0x0000000020000080       0x30 usb/usb_prop.o
                0x0000000020000080                Device_Property
 .data.Device_Table
                0x00000000200000b0        0x2 usb/usb_prop.o
                0x00000000200000b0                Device_Table
 *fill*         0x00000000200000b2        0x2 
 .data.String_Descriptor
                0x00000000200000b4       0x20 usb/usb_prop.o
                0x00000000200000b4                String_Descriptor
 .data.linecoding
                0x00000000200000d4        0x8 usb/usb_prop.o
                0x00000000200000d4                linecoding
 .data.__fdlib_version
                0x00000000200000dc        0x1 /opt/Atollic_TrueSTUDIO_for_STM32_x86_64_9.3.0/ARMTools/bin/../lib/gcc/arm-atollic-eabi/6.3.1/../../../../arm-atollic-eabi/lib/armv7-m/libm.a(lib_a-s_lib_ver.o)
                0x00000000200000dc                __fdlib_version
 *fill*         0x00000000200000dd        0x3 
 .data._impure_ptr
                0x00000000200000e0        0x4 /opt/Atollic_TrueSTUDIO_for_STM32_x86_64_9.3.0/ARMTools/bin/../lib/gcc/arm-atollic-eabi/6.3.1/../../../../arm-atollic-eabi/lib/armv7-m/libc.a(lib_a-impure.o)
                0x00000000200000e0                _impure_ptr
 .data.impure_data
                0x00000000200000e4       0xf0 /opt/Atollic_TrueSTUDIO_for_STM32_x86_64_9.3.0/ARMTools/bin/../lib/gcc/arm-atollic-eabi/6.3.1/../../../../arm-atollic-eabi/lib/armv7-m/libc.a(lib_a-impure.o)
                0x00000000200001d4                . = ALIGN (0x4)
                0x00000000200001d4                _edata = .

.igot.plt       0x00000000200001d4        0x0 load address 0x000000000800c950
 .igot.plt      0x00000000200001d4        0x0 /opt/Atollic_TrueSTUDIO_for_STM32_x86_64_9.3.0/ARMTools/bin/../lib/gcc/arm-atollic-eabi/6.3.1/armv7-m/crtbegin.o
                0x00000000200001d4                . = ALIGN (0x4)

.bss            0x00000000200001d4     0x1274 load address 0x000000000800c950
                0x00000000200001d4                _sbss = .
                0x00000000200001d4                __bss_start__ = _sbss
 *(.bss)
 .bss           0x00000000200001d4       0x1c /opt/Atollic_TrueSTUDIO_for_STM32_x86_64_9.3.0/ARMTools/bin/../lib/gcc/arm-atollic-eabi/6.3.1/armv7-m/crtbegin.o
 *(.bss*)
 .bss.block_buffer
                0x00000000200001f0      0x870 src/planner.o
 .bss.block_buffer_head
                0x0000000020000a60        0x1 src/planner.o
 .bss.block_buffer_planned
                0x0000000020000a61        0x1 src/planner.o
 .bss.block_buffer_tail
                0x0000000020000a62        0x1 src/planner.o
 .bss.next_buffer_head
                0x0000000020000a63        0x1 src/planner.o
 .bss.pl        0x0000000020000a64       0x2c src/planner.o
 .bss.line      0x0000000020000a90       0x5a src/protocol.o
 .bss.serial_rx_buffer_head
                0x0000000020000aea        0x1 src/serial.o
                0x0000000020000aea                serial_rx_buffer_head
 .bss.serial_rx_buffer_tail
                0x0000000020000aeb        0x1 src/serial.o
                0x0000000020000aeb                serial_rx_buffer_tail
 .bss.serial_tx_buffer_head
                0x0000000020000aec        0x1 src/serial.o
                0x0000000020000aec                serial_tx_buffer_head
 .bss.serial_tx_buffer_tail
                0x0000000020000aed        0x1 src/serial.o
                0x0000000020000aed                serial_tx_buffer_tail
 *fill*         0x0000000020000aee        0x2 
 .bss.pwm_gradient
                0x0000000020000af0        0x4 src/spindle_control.o
 .bss.busy      0x0000000020000af4        0x1 src/stepper.o
 *fill*         0x0000000020000af5        0x1 
 .bss.dir_port_invert_mask
                0x0000000020000af6        0x2 src/stepper.o
 .bss.pl_block  0x0000000020000af8        0x4 src/stepper.o
 .bss.prep      0x0000000020000afc       0x38 src/stepper.o
 .bss.segment_buffer
                0x0000000020000b34       0x50 src/stepper.o
 .bss.segment_buffer_head
                0x0000000020000b84        0x1 src/stepper.o
 .bss.segment_buffer_tail
                0x0000000020000b85        0x1 src/stepper.o
 .bss.segment_next_head
                0x0000000020000b86        0x1 src/stepper.o
 *fill*         0x0000000020000b87        0x1 
 .bss.st        0x0000000020000b88       0x3c src/stepper.o
 .bss.st_block_buffer
                0x0000000020000bc4       0xfc src/stepper.o
 .bss.st_prep_block
                0x0000000020000cc0        0x4 src/stepper.o
 .bss.step_port_invert_mask
                0x0000000020000cc4        0x2 src/stepper.o
 *fill*         0x0000000020000cc6        0x2 
 .bss.Data_Mul_MaxPacketSize
                0x0000000020000cc8        0x4 stm_usb_fs_lib/src/usb_core.o
                0x0000000020000cc8                Data_Mul_MaxPacketSize
 .bss.txUsbLock
                0x0000000020000ccc        0x1 usb/usb_endp.o
                0x0000000020000ccc                txUsbLock
 .bss.bIntPackSOF
                0x0000000020000ccd        0x1 usb/usb_istr.o
                0x0000000020000ccd                bIntPackSOF
 .bss.Request   0x0000000020000cce        0x1 usb/usb_prop.o
                0x0000000020000cce                Request
 *fill*         0x0000000020000ccf        0x1 
 .bss.bDeviceState
                0x0000000020000cd0        0x4 usb/usb_pwr.o
                0x0000000020000cd0                bDeviceState
 *(COMMON)
 COMMON         0x0000000020000cd4      0x400 src/eeprom.o
                0x0000000020000cd4                EE_Buffer
 COMMON         0x00000000200010d4       0xb0 src/gcode.o
                0x00000000200010d4                gc_state
                0x0000000020001130                gc_block
 COMMON         0x0000000020001184       0x45 src/main.o
                0x0000000020001184                sys_rt_exec_motion_override
                0x0000000020001188                sys
                0x000000002000119c                sys_rt_exec_accessory_override
                0x000000002000119d                sys_rt_exec_state
                0x000000002000119e                sys_probe_state
                0x00000000200011a0                sys_probe_position
                0x00000000200011b4                sys_position
                0x00000000200011c8                sys_rt_exec_alarm
 *fill*         0x00000000200011c9        0x1 
 COMMON         0x00000000200011ca        0x2 src/probe.o
                0x00000000200011ca                probe_invert_mask
 COMMON         0x00000000200011cc      0x17e src/serial.o
                0x00000000200011cc                serial_tx_buffer
                0x000000002000124c                serial_rx_buffer
 *fill*         0x000000002000134a        0x2 
 COMMON         0x000000002000134c       0x7c src/settings.o
                0x000000002000134c                settings
 COMMON         0x00000000200013c8        0x2 stm_usb_fs_lib/src/usb_core.o
                0x00000000200013c8                StatusInfo
 *fill*         0x00000000200013ca        0x2 
 COMMON         0x00000000200013cc       0x32 stm_usb_fs_lib/src/usb_init.o
                0x00000000200013cc                SaveState
                0x00000000200013d0                pProperty
                0x00000000200013d4                EPindex
                0x00000000200013d8                Device_Info
                0x00000000200013f4                pUser_Standard_Requests
                0x00000000200013f8                pInformation
                0x00000000200013fc                wInterrupt_Mask
 COMMON         0x00000000200013fe        0x4 stm_usb_fs_lib/src/usb_int.o
                0x00000000200013fe                SaveRState
                0x0000000020001400                SaveTState
 *fill*         0x0000000020001402        0x2 
 COMMON         0x0000000020001404       0x40 usb/usb_endp.o
                0x0000000020001404                USB_Rx_Buffer
 COMMON         0x0000000020001444        0x2 usb/usb_istr.o
                0x0000000020001444                wIstr
                0x0000000020001448                . = ALIGN (0x4)
 *fill*         0x0000000020001446        0x2 
                0x0000000020001448                _ebss = .
                0x0000000020001448                __bss_end__ = _ebss

._user_heap_stack
                0x0000000020001448      0x100 load address 0x000000000800c950
                0x0000000020001448                . = ALIGN (0x4)
                [!provide]                        PROVIDE (end, .)
                [!provide]                        PROVIDE (_end, .)
                0x0000000020001448                . = (. + _Min_Heap_Size)
                0x0000000020001548                . = (. + _Min_Stack_Size)
 *fill*         0x0000000020001448      0x100 
                0x0000000020001548                . = ALIGN (0x4)

.memory_b1_text
 *(.mb1text)
 *(.mb1text*)
 *(.mb1rodata)
 *(.mb1rodata*)

/DISCARD/
 libc.a(*)
 libm.a(*)
 libgcc.a(*)

.ARM.attributes
                0x0000000000000000       0x29
 *(.ARM.attributes)
 .ARM.attributes
                0x0000000000000000       0x1d /opt/Atollic_TrueSTUDIO_for_STM32_x86_64_9.3.0/ARMTools/bin/../lib/gcc/arm-atollic-eabi/6.3.1/armv7-m/crti.o
 .ARM.attributes
                0x000000000000001d       0x2d /opt/Atollic_TrueSTUDIO_for_STM32_x86_64_9.3.0/ARMTools/bin/../lib/gcc/arm-atollic-eabi/6.3.1/armv7-m/crtbegin.o
 .ARM.attributes
                0x000000000000004a       0x2f Libraries/STM32F10x_StdPeriph_Driver/src/misc.o
 .ARM.attributes
                0x0000000000000079       0x2f Libraries/STM32F10x_StdPeriph_Driver/src/stm32f10x_exti.o
 .ARM.attributes
                0x00000000000000a8       0x2f Libraries/STM32F10x_StdPeriph_Driver/src/stm32f10x_flash.o
 .ARM.attributes
                0x00000000000000d7       0x2f Libraries/STM32F10x_StdPeriph_Driver/src/stm32f10x_gpio.o
 .ARM.attributes
                0x0000000000000106       0x2f Libraries/STM32F10x_StdPeriph_Driver/src/stm32f10x_rcc.o
 .ARM.attributes
                0x0000000000000135       0x2f Libraries/STM32F10x_StdPeriph_Driver/src/stm32f10x_tim.o
 .ARM.attributes
                0x0000000000000164       0x2f Libraries/STM32F10x_StdPeriph_Driver/src/stm32f10x_usart.o
 .ARM.attributes
                0x0000000000000193       0x2f src/coolant_control.o
 .ARM.attributes
                0x00000000000001c2       0x2f src/eeprom.o
 .ARM.attributes
                0x00000000000001f1       0x2f src/gcode.o
 .ARM.attributes
                0x0000000000000220       0x2f src/jog.o
 .ARM.attributes
                0x000000000000024f       0x2f src/limits.o
 .ARM.attributes
                0x000000000000027e       0x2f src/main.o
 .ARM.attributes
                0x00000000000002ad       0x2f src/motion_control.o
 .ARM.attributes
                0x00000000000002dc       0x2f src/nuts_bolts.o
 .ARM.attributes
                0x000000000000030b       0x2f src/planner.o
 .ARM.attributes
                0x000000000000033a       0x2f src/print.o
 .ARM.attributes
                0x0000000000000369       0x2f src/probe.o
 .ARM.attributes
                0x0000000000000398       0x2f src/protocol.o
 .ARM.attributes
                0x00000000000003c7       0x2f src/report.o
 .ARM.attributes
                0x00000000000003f6       0x2f src/serial.o
 .ARM.attributes
                0x0000000000000425       0x2f src/settings.o
 .ARM.attributes
                0x0000000000000454       0x2f src/spindle_control.o
 .ARM.attributes
                0x0000000000000483       0x21 src/startup_stm32f10x_md.o
 .ARM.attributes
                0x00000000000004a4       0x2f src/stepper.o
 .ARM.attributes
                0x00000000000004d3       0x2f src/system.o
 .ARM.attributes
                0x0000000000000502       0x2f src/system_stm32f10x.o
 .ARM.attributes
                0x0000000000000531       0x2f stm_usb_fs_lib/src/usb_core.o
 .ARM.attributes
                0x0000000000000560       0x2f stm_usb_fs_lib/src/usb_init.o
 .ARM.attributes
                0x000000000000058f       0x2f stm_usb_fs_lib/src/usb_int.o
 .ARM.attributes
                0x00000000000005be       0x2f stm_usb_fs_lib/src/usb_mem.o
 .ARM.attributes
                0x00000000000005ed       0x2f stm_usb_fs_lib/src/usb_regs.o
 .ARM.attributes
                0x000000000000061c       0x2f stm_usb_fs_lib/src/usb_sil.o
 .ARM.attributes
                0x000000000000064b       0x2f usb/hw_config.o
 .ARM.attributes
                0x000000000000067a       0x2f usb/usb_desc.o
 .ARM.attributes
                0x00000000000006a9       0x2f usb/usb_endp.o
 .ARM.attributes
                0x00000000000006d8       0x2f usb/usb_istr.o
 .ARM.attributes
                0x0000000000000707       0x2f usb/usb_prop.o
 .ARM.attributes
                0x0000000000000736       0x2f usb/usb_pwr.o
 .ARM.attributes
                0x0000000000000765       0x2f util/stm32f10x_it.o
 .ARM.attributes
                0x0000000000000794       0x2d /opt/Atollic_TrueSTUDIO_for_STM32_x86_64_9.3.0/ARMTools/bin/../lib/gcc/arm-atollic-eabi/6.3.1/../../../../arm-atollic-eabi/lib/armv7-m/libc.a(lib_a-init.o)
 .ARM.attributes
                0x00000000000007c1       0x2d /opt/Atollic_TrueSTUDIO_for_STM32_x86_64_9.3.0/ARMTools/bin/../lib/gcc/arm-atollic-eabi/6.3.1/../../../../arm-atollic-eabi/lib/armv7-m/libc.a(lib_a-memcmp.o)
 .ARM.attributes
                0x00000000000007ee       0x2d /opt/Atollic_TrueSTUDIO_for_STM32_x86_64_9.3.0/ARMTools/bin/../lib/gcc/arm-atollic-eabi/6.3.1/../../../../arm-atollic-eabi/lib/armv7-m/libc.a(lib_a-memset.o)
 .ARM.attributes
                0x000000000000081b       0x2d /opt/Atollic_TrueSTUDIO_for_STM32_x86_64_9.3.0/ARMTools/bin/../lib/gcc/arm-atollic-eabi/6.3.1/../../../../arm-atollic-eabi/lib/armv7-m/libm.a(lib_a-sf_ceil.o)
 .ARM.attributes
                0x0000000000000848       0x2d /opt/Atollic_TrueSTUDIO_for_STM32_x86_64_9.3.0/ARMTools/bin/../lib/gcc/arm-atollic-eabi/6.3.1/../../../../arm-atollic-eabi/lib/armv7-m/libm.a(lib_a-sf_cos.o)
 .ARM.attributes
                0x0000000000000875       0x2d /opt/Atollic_TrueSTUDIO_for_STM32_x86_64_9.3.0/ARMTools/bin/../lib/gcc/arm-atollic-eabi/6.3.1/../../../../arm-atollic-eabi/lib/armv7-m/libm.a(lib_a-sf_floor.o)
 .ARM.attributes
                0x00000000000008a2       0x2d /opt/Atollic_TrueSTUDIO_for_STM32_x86_64_9.3.0/ARMTools/bin/../lib/gcc/arm-atollic-eabi/6.3.1/../../../../arm-atollic-eabi/lib/armv7-m/libm.a(lib_a-sf_lround.o)
 .ARM.attributes
                0x00000000000008cf       0x2d /opt/Atollic_TrueSTUDIO_for_STM32_x86_64_9.3.0/ARMTools/bin/../lib/gcc/arm-atollic-eabi/6.3.1/../../../../arm-atollic-eabi/lib/armv7-m/libm.a(lib_a-sf_sin.o)
 .ARM.attributes
                0x00000000000008fc       0x2d /opt/Atollic_TrueSTUDIO_for_STM32_x86_64_9.3.0/ARMTools/bin/../lib/gcc/arm-atollic-eabi/6.3.1/../../../../arm-atollic-eabi/lib/armv7-m/libm.a(lib_a-wf_atan2.o)
 .ARM.attributes
                0x0000000000000929       0x2d /opt/Atollic_TrueSTUDIO_for_STM32_x86_64_9.3.0/ARMTools/bin/../lib/gcc/arm-atollic-eabi/6.3.1/../../../../arm-atollic-eabi/lib/armv7-m/libm.a(lib_a-wf_sqrt.o)
 .ARM.attributes
                0x0000000000000956       0x2d /opt/Atollic_TrueSTUDIO_for_STM32_x86_64_9.3.0/ARMTools/bin/../lib/gcc/arm-atollic-eabi/6.3.1/../../../../arm-atollic-eabi/lib/armv7-m/libm.a(lib_a-ef_atan2.o)
 .ARM.attributes
                0x0000000000000983       0x2d /opt/Atollic_TrueSTUDIO_for_STM32_x86_64_9.3.0/ARMTools/bin/../lib/gcc/arm-atollic-eabi/6.3.1/../../../../arm-atollic-eabi/lib/armv7-m/libm.a(lib_a-ef_rem_pio2.o)
 .ARM.attributes
                0x00000000000009b0       0x2d /opt/Atollic_TrueSTUDIO_for_STM32_x86_64_9.3.0/ARMTools/bin/../lib/gcc/arm-atollic-eabi/6.3.1/../../../../arm-atollic-eabi/lib/armv7-m/libm.a(lib_a-ef_sqrt.o)
 .ARM.attributes
                0x00000000000009dd       0x2d /opt/Atollic_TrueSTUDIO_for_STM32_x86_64_9.3.0/ARMTools/bin/../lib/gcc/arm-atollic-eabi/6.3.1/../../../../arm-atollic-eabi/lib/armv7-m/libm.a(lib_a-kf_cos.o)
 .ARM.attributes
                0x0000000000000a0a       0x2d /opt/Atollic_TrueSTUDIO_for_STM32_x86_64_9.3.0/ARMTools/bin/../lib/gcc/arm-atollic-eabi/6.3.1/../../../../arm-atollic-eabi/lib/armv7-m/libm.a(lib_a-kf_rem_pio2.o)
 .ARM.attributes
                0x0000000000000a37       0x2d /opt/Atollic_TrueSTUDIO_for_STM32_x86_64_9.3.0/ARMTools/bin/../lib/gcc/arm-atollic-eabi/6.3.1/../../../../arm-atollic-eabi/lib/armv7-m/libm.a(lib_a-kf_sin.o)
 .ARM.attributes
                0x0000000000000a64       0x2d /opt/Atollic_TrueSTUDIO_for_STM32_x86_64_9.3.0/ARMTools/bin/../lib/gcc/arm-atollic-eabi/6.3.1/../../../../arm-atollic-eabi/lib/armv7-m/libm.a(lib_a-s_lib_ver.o)
 .ARM.attributes
                0x0000000000000a91       0x2d /opt/Atollic_TrueSTUDIO_for_STM32_x86_64_9.3.0/ARMTools/bin/../lib/gcc/arm-atollic-eabi/6.3.1/../../../../arm-atollic-eabi/lib/armv7-m/libm.a(lib_a-s_matherr.o)
 .ARM.attributes
                0x0000000000000abe       0x2d /opt/Atollic_TrueSTUDIO_for_STM32_x86_64_9.3.0/ARMTools/bin/../lib/gcc/arm-atollic-eabi/6.3.1/../../../../arm-atollic-eabi/lib/armv7-m/libm.a(lib_a-sf_atan.o)
 .ARM.attributes
                0x0000000000000aeb       0x2d /opt/Atollic_TrueSTUDIO_for_STM32_x86_64_9.3.0/ARMTools/bin/../lib/gcc/arm-atollic-eabi/6.3.1/../../../../arm-atollic-eabi/lib/armv7-m/libm.a(lib_a-sf_fabs.o)
 .ARM.attributes
                0x0000000000000b18       0x2d /opt/Atollic_TrueSTUDIO_for_STM32_x86_64_9.3.0/ARMTools/bin/../lib/gcc/arm-atollic-eabi/6.3.1/../../../../arm-atollic-eabi/lib/armv7-m/libm.a(lib_a-sf_scalbn.o)
 .ARM.attributes
                0x0000000000000b45       0x2d /opt/Atollic_TrueSTUDIO_for_STM32_x86_64_9.3.0/ARMTools/bin/../lib/gcc/arm-atollic-eabi/6.3.1/../../../../arm-atollic-eabi/lib/armv7-m/libm.a(lib_a-sf_copysign.o)
 .ARM.attributes
                0x0000000000000b72       0x2d /opt/Atollic_TrueSTUDIO_for_STM32_x86_64_9.3.0/ARMTools/bin/../lib/gcc/arm-atollic-eabi/6.3.1/../../../../arm-atollic-eabi/lib/armv7-m/libc.a(lib_a-errno.o)
 .ARM.attributes
                0x0000000000000b9f       0x2d /opt/Atollic_TrueSTUDIO_for_STM32_x86_64_9.3.0/ARMTools/bin/../lib/gcc/arm-atollic-eabi/6.3.1/../../../../arm-atollic-eabi/lib/armv7-m/libc.a(lib_a-impure.o)
 .ARM.attributes
                0x0000000000000bcc       0x1d /opt/Atollic_TrueSTUDIO_for_STM32_x86_64_9.3.0/ARMTools/bin/../lib/gcc/arm-atollic-eabi/6.3.1/armv7-m/libgcc.a(_arm_addsubdf3.o)
 .ARM.attributes
                0x0000000000000be9       0x1d /opt/Atollic_TrueSTUDIO_for_STM32_x86_64_9.3.0/ARMTools/bin/../lib/gcc/arm-atollic-eabi/6.3.1/armv7-m/libgcc.a(_arm_muldivdf3.o)
 .ARM.attributes
                0x0000000000000c06       0x1d /opt/Atollic_TrueSTUDIO_for_STM32_x86_64_9.3.0/ARMTools/bin/../lib/gcc/arm-atollic-eabi/6.3.1/armv7-m/libgcc.a(_arm_cmpdf2.o)
 .ARM.attributes
                0x0000000000000c23       0x1d /opt/Atollic_TrueSTUDIO_for_STM32_x86_64_9.3.0/ARMTools/bin/../lib/gcc/arm-atollic-eabi/6.3.1/armv7-m/libgcc.a(_arm_truncdfsf2.o)
 .ARM.attributes
                0x0000000000000c40       0x1d /opt/Atollic_TrueSTUDIO_for_STM32_x86_64_9.3.0/ARMTools/bin/../lib/gcc/arm-atollic-eabi/6.3.1/armv7-m/libgcc.a(_arm_addsubsf3.o)
 .ARM.attributes
                0x0000000000000c5d       0x1d /opt/Atollic_TrueSTUDIO_for_STM32_x86_64_9.3.0/ARMTools/bin/../lib/gcc/arm-atollic-eabi/6.3.1/armv7-m/libgcc.a(_arm_muldivsf3.o)
 .ARM.attributes
                0x0000000000000c7a       0x1d /opt/Atollic_TrueSTUDIO_for_STM32_x86_64_9.3.0/ARMTools/bin/../lib/gcc/arm-atollic-eabi/6.3.1/armv7-m/libgcc.a(_arm_cmpsf2.o)
 .ARM.attributes
                0x0000000000000c97       0x1d /opt/Atollic_TrueSTUDIO_for_STM32_x86_64_9.3.0/ARMTools/bin/../lib/gcc/arm-atollic-eabi/6.3.1/armv7-m/libgcc.a(_arm_unordsf2.o)
 .ARM.attributes
                0x0000000000000cb4       0x1d /opt/Atollic_TrueSTUDIO_for_STM32_x86_64_9.3.0/ARMTools/bin/../lib/gcc/arm-atollic-eabi/6.3.1/armv7-m/libgcc.a(_arm_fixsfsi.o)
 .ARM.attributes
                0x0000000000000cd1       0x1d /opt/Atollic_TrueSTUDIO_for_STM32_x86_64_9.3.0/ARMTools/bin/../lib/gcc/arm-atollic-eabi/6.3.1/armv7-m/libgcc.a(_arm_fixunssfsi.o)
 .ARM.attributes
                0x0000000000000cee       0x1d /opt/Atollic_TrueSTUDIO_for_STM32_x86_64_9.3.0/ARMTools/bin/../lib/gcc/arm-atollic-eabi/6.3.1/armv7-m/crtn.o
OUTPUT(stm32grbl11.elf elf32-littlearm)

.debug_info     0x0000000000000000    0x27d59
 .debug_info    0x0000000000000000      0x551 Libraries/STM32F10x_StdPeriph_Driver/src/misc.o
 .debug_info    0x0000000000000551      0x365 Libraries/STM32F10x_StdPeriph_Driver/src/stm32f10x_exti.o
 .debug_info    0x00000000000008b6     0x1594 Libraries/STM32F10x_StdPeriph_Driver/src/stm32f10x_flash.o
 .debug_info    0x0000000000001e4a      0x89a Libraries/STM32F10x_StdPeriph_Driver/src/stm32f10x_gpio.o
 .debug_info    0x00000000000026e4      0x94b Libraries/STM32F10x_StdPeriph_Driver/src/stm32f10x_rcc.o
 .debug_info    0x000000000000302f     0x2596 Libraries/STM32F10x_StdPeriph_Driver/src/stm32f10x_tim.o
 .debug_info    0x00000000000055c5      0xb35 Libraries/STM32F10x_StdPeriph_Driver/src/stm32f10x_usart.o
 .debug_info    0x00000000000060fa     0x11a0 src/coolant_control.o
 .debug_info    0x000000000000729a     0x10d3 src/eeprom.o
 .debug_info    0x000000000000836d     0x1552 src/gcode.o
 .debug_info    0x00000000000098bf      0xebf src/jog.o
 .debug_info    0x000000000000a77e     0x1965 src/limits.o
 .debug_info    0x000000000000c0e3     0x1ac6 src/main.o
 .debug_info    0x000000000000dba9     0x185b src/motion_control.o
 .debug_info    0x000000000000f404      0xfe1 src/nuts_bolts.o
 .debug_info    0x00000000000103e5     0x156a src/planner.o
 .debug_info    0x000000000001194f     0x130d src/print.o
 .debug_info    0x0000000000012c5c      0xfac src/probe.o
 .debug_info    0x0000000000013c08     0x1a93 src/protocol.o
 .debug_info    0x000000000001569b     0x3544 src/report.o
 .debug_info    0x0000000000018bdf     0x11a9 src/serial.o
 .debug_info    0x0000000000019d88     0x1649 src/settings.o
 .debug_info    0x000000000001b3d1     0x1828 src/spindle_control.o
 .debug_info    0x000000000001cbf9       0x7b src/startup_stm32f10x_md.o
 .debug_info    0x000000000001cc74     0x24a4 src/stepper.o
 .debug_info    0x000000000001f118     0x1c0a src/system.o
 .debug_info    0x0000000000020d22      0x4cb src/system_stm32f10x.o
 .debug_info    0x00000000000211ed      0xf61 stm_usb_fs_lib/src/usb_core.o
 .debug_info    0x000000000002214e      0x50c stm_usb_fs_lib/src/usb_init.o
 .debug_info    0x000000000002265a      0x5bd stm_usb_fs_lib/src/usb_int.o
 .debug_info    0x0000000000022c17      0x593 stm_usb_fs_lib/src/usb_mem.o
 .debug_info    0x00000000000231aa     0x10ae stm_usb_fs_lib/src/usb_regs.o
 .debug_info    0x0000000000024258      0x60b stm_usb_fs_lib/src/usb_sil.o
 .debug_info    0x0000000000024863      0x9a2 usb/hw_config.o
 .debug_info    0x0000000000025205      0x5a6 usb/usb_desc.o
 .debug_info    0x00000000000257ab      0x7ec usb/usb_endp.o
 .debug_info    0x0000000000025f97      0x55e usb/usb_istr.o
 .debug_info    0x00000000000264f5      0xbfb usb/usb_prop.o
 .debug_info    0x00000000000270f0      0x728 usb/usb_pwr.o
 .debug_info    0x0000000000027818      0x541 util/stm32f10x_it.o

.debug_abbrev   0x0000000000000000     0x6825
 .debug_abbrev  0x0000000000000000      0x181 Libraries/STM32F10x_StdPeriph_Driver/src/misc.o
 .debug_abbrev  0x0000000000000181      0x1c1 Libraries/STM32F10x_StdPeriph_Driver/src/stm32f10x_exti.o
 .debug_abbrev  0x0000000000000342      0x274 Libraries/STM32F10x_StdPeriph_Driver/src/stm32f10x_flash.o
 .debug_abbrev  0x00000000000005b6      0x213 Libraries/STM32F10x_StdPeriph_Driver/src/stm32f10x_gpio.o
 .debug_abbrev  0x00000000000007c9      0x27f Libraries/STM32F10x_StdPeriph_Driver/src/stm32f10x_rcc.o
 .debug_abbrev  0x0000000000000a48      0x2c8 Libraries/STM32F10x_StdPeriph_Driver/src/stm32f10x_tim.o
 .debug_abbrev  0x0000000000000d10      0x1f7 Libraries/STM32F10x_StdPeriph_Driver/src/stm32f10x_usart.o
 .debug_abbrev  0x0000000000000f07      0x304 src/coolant_control.o
 .debug_abbrev  0x000000000000120b      0x3a3 src/eeprom.o
 .debug_abbrev  0x00000000000015ae      0x2e7 src/gcode.o
 .debug_abbrev  0x0000000000001895      0x1f4 src/jog.o
 .debug_abbrev  0x0000000000001a89      0x421 src/limits.o
 .debug_abbrev  0x0000000000001eaa      0x2d2 src/main.o
 .debug_abbrev  0x000000000000217c      0x3a0 src/motion_control.o
 .debug_abbrev  0x000000000000251c      0x27f src/nuts_bolts.o
 .debug_abbrev  0x000000000000279b      0x4c3 src/planner.o
 .debug_abbrev  0x0000000000002c5e      0x33b src/print.o
 .debug_abbrev  0x0000000000002f99      0x2aa src/probe.o
 .debug_abbrev  0x0000000000003243      0x321 src/protocol.o
 .debug_abbrev  0x0000000000003564      0x438 src/report.o
 .debug_abbrev  0x000000000000399c      0x292 src/serial.o
 .debug_abbrev  0x0000000000003c2e      0x3b9 src/settings.o
 .debug_abbrev  0x0000000000003fe7      0x3c4 src/spindle_control.o
 .debug_abbrev  0x00000000000043ab       0x12 src/startup_stm32f10x_md.o
 .debug_abbrev  0x00000000000043bd      0x462 src/stepper.o
 .debug_abbrev  0x000000000000481f      0x4c7 src/system.o
 .debug_abbrev  0x0000000000004ce6      0x18c src/system_stm32f10x.o
 .debug_abbrev  0x0000000000004e72      0x3e1 stm_usb_fs_lib/src/usb_core.o
 .debug_abbrev  0x0000000000005253      0x11b stm_usb_fs_lib/src/usb_init.o
 .debug_abbrev  0x000000000000536e      0x194 stm_usb_fs_lib/src/usb_int.o
 .debug_abbrev  0x0000000000005502      0x140 stm_usb_fs_lib/src/usb_mem.o
 .debug_abbrev  0x0000000000005642      0x2ea stm_usb_fs_lib/src/usb_regs.o
 .debug_abbrev  0x000000000000592c      0x193 stm_usb_fs_lib/src/usb_sil.o
 .debug_abbrev  0x0000000000005abf      0x28d usb/hw_config.o
 .debug_abbrev  0x0000000000005d4c      0x11b usb/usb_desc.o
 .debug_abbrev  0x0000000000005e67      0x21d usb/usb_endp.o
 .debug_abbrev  0x0000000000006084      0x15c usb/usb_istr.o
 .debug_abbrev  0x00000000000061e0      0x28b usb/usb_prop.o
 .debug_abbrev  0x000000000000646b      0x240 usb/usb_pwr.o
 .debug_abbrev  0x00000000000066ab      0x17a util/stm32f10x_it.o

.debug_loc      0x0000000000000000     0xfd22
 .debug_loc     0x0000000000000000      0x147 Libraries/STM32F10x_StdPeriph_Driver/src/misc.o
 .debug_loc     0x0000000000000147      0x212 Libraries/STM32F10x_StdPeriph_Driver/src/stm32f10x_exti.o
 .debug_loc     0x0000000000000359     0x2d32 Libraries/STM32F10x_StdPeriph_Driver/src/stm32f10x_flash.o
 .debug_loc     0x000000000000308b     0x14f5 Libraries/STM32F10x_StdPeriph_Driver/src/stm32f10x_gpio.o
 .debug_loc     0x0000000000004580      0x705 Libraries/STM32F10x_StdPeriph_Driver/src/stm32f10x_rcc.o
 .debug_loc     0x0000000000004c85     0x24cb Libraries/STM32F10x_StdPeriph_Driver/src/stm32f10x_tim.o
 .debug_loc     0x0000000000007150      0x811 Libraries/STM32F10x_StdPeriph_Driver/src/stm32f10x_usart.o
 .debug_loc     0x0000000000007961      0x10f src/coolant_control.o
 .debug_loc     0x0000000000007a70      0x205 src/eeprom.o
 .debug_loc     0x0000000000007c75     0x12ca src/gcode.o
 .debug_loc     0x0000000000008f3f       0x5a src/jog.o
 .debug_loc     0x0000000000008f99      0x5d3 src/limits.o
 .debug_loc     0x000000000000956c       0xa3 src/main.o
 .debug_loc     0x000000000000960f      0x9cf src/motion_control.o
 .debug_loc     0x0000000000009fde      0x65c src/nuts_bolts.o
 .debug_loc     0x000000000000a63a      0x699 src/planner.o
 .debug_loc     0x000000000000acd3      0x6f7 src/print.o
 .debug_loc     0x000000000000b3ca       0x27 src/probe.o
 .debug_loc     0x000000000000b3f1      0x2fa src/protocol.o
 .debug_loc     0x000000000000b6eb      0xbd2 src/report.o
 .debug_loc     0x000000000000c2bd      0x1c7 src/serial.o
 .debug_loc     0x000000000000c484      0x52c src/settings.o
 .debug_loc     0x000000000000c9b0      0x3c5 src/spindle_control.o
 .debug_loc     0x000000000000cd75      0xbca src/stepper.o
 .debug_loc     0x000000000000d93f      0x5bc src/system.o
 .debug_loc     0x000000000000defb       0xbc src/system_stm32f10x.o
 .debug_loc     0x000000000000dfb7      0xacd stm_usb_fs_lib/src/usb_core.o
 .debug_loc     0x000000000000ea84       0x7d stm_usb_fs_lib/src/usb_int.o
 .debug_loc     0x000000000000eb01      0x26c stm_usb_fs_lib/src/usb_mem.o
 .debug_loc     0x000000000000ed6d      0xa09 stm_usb_fs_lib/src/usb_regs.o
 .debug_loc     0x000000000000f776       0xcf stm_usb_fs_lib/src/usb_sil.o
 .debug_loc     0x000000000000f845      0x150 usb/hw_config.o
 .debug_loc     0x000000000000f995       0xd0 usb/usb_endp.o
 .debug_loc     0x000000000000fa65      0x1e1 usb/usb_prop.o
 .debug_loc     0x000000000000fc46       0xdc usb/usb_pwr.o

.debug_aranges  0x0000000000000000     0x11f8
 .debug_aranges
                0x0000000000000000       0x40 Libraries/STM32F10x_StdPeriph_Driver/src/misc.o
 .debug_aranges